<?xml version="1.0"?>
<link_info>
   <banner>MSP430 Linker PC v4.4.3</banner>
   <copyright>Copyright (c) 2003-2015 Texas Instruments Incorporated</copyright>
   <link_time>0x552ef404</link_time>
   <link_errors>0x3</link_errors>
   <output_file>lab3.out</output_file>
   <entry_point>
      <name>_c_int00_noargs</name>
      <address>0xcf90</address>
   </entry_point>
   <input_file_list>
      <input_file id="fl-2">
         <path>.\</path>
         <kind>object</kind>
         <file>main.obj</file>
         <name>main.obj</name>
      </input_file>
      <input_file id="fl-31">
         <path>C:\ti\ccsv6\tools\compiler\ti-cgt-msp430_4.4.3\lib\</path>
         <kind>archive</kind>
         <file>rts430_eabi.lib</file>
         <name>boot.obj</name>
      </input_file>
      <input_file id="fl-32">
         <path>C:\ti\ccsv6\tools\compiler\ti-cgt-msp430_4.4.3\lib\</path>
         <kind>archive</kind>
         <file>rts430_eabi.lib</file>
         <name>boot_special.obj</name>
      </input_file>
      <input_file id="fl-33">
         <path>C:\ti\ccsv6\tools\compiler\ti-cgt-msp430_4.4.3\lib\</path>
         <kind>archive</kind>
         <file>rts430_eabi.lib</file>
         <name>copy_decompress_none.obj</name>
      </input_file>
      <input_file id="fl-34">
         <path>C:\ti\ccsv6\tools\compiler\ti-cgt-msp430_4.4.3\lib\</path>
         <kind>archive</kind>
         <file>rts430_eabi.lib</file>
         <name>copy_decompress_rle.obj</name>
      </input_file>
      <input_file id="fl-35">
         <path>C:\ti\ccsv6\tools\compiler\ti-cgt-msp430_4.4.3\lib\</path>
         <kind>archive</kind>
         <file>rts430_eabi.lib</file>
         <name>copy_zero_init.obj</name>
      </input_file>
      <input_file id="fl-36">
         <path>C:\ti\ccsv6\tools\compiler\ti-cgt-msp430_4.4.3\lib\</path>
         <kind>archive</kind>
         <file>rts430_eabi.lib</file>
         <name>epilog.obj</name>
      </input_file>
      <input_file id="fl-37">
         <path>C:\ti\ccsv6\tools\compiler\ti-cgt-msp430_4.4.3\lib\</path>
         <kind>archive</kind>
         <file>rts430_eabi.lib</file>
         <name>exit.obj</name>
      </input_file>
      <input_file id="fl-38">
         <path>C:\ti\ccsv6\tools\compiler\ti-cgt-msp430_4.4.3\lib\</path>
         <kind>archive</kind>
         <file>rts430_eabi.lib</file>
         <name>int00.obj</name>
      </input_file>
      <input_file id="fl-39">
         <path>C:\ti\ccsv6\tools\compiler\ti-cgt-msp430_4.4.3\lib\</path>
         <kind>archive</kind>
         <file>rts430_eabi.lib</file>
         <name>int02.obj</name>
      </input_file>
      <input_file id="fl-3a">
         <path>C:\ti\ccsv6\tools\compiler\ti-cgt-msp430_4.4.3\lib\</path>
         <kind>archive</kind>
         <file>rts430_eabi.lib</file>
         <name>int03.obj</name>
      </input_file>
      <input_file id="fl-3b">
         <path>C:\ti\ccsv6\tools\compiler\ti-cgt-msp430_4.4.3\lib\</path>
         <kind>archive</kind>
         <file>rts430_eabi.lib</file>
         <name>int05.obj</name>
      </input_file>
      <input_file id="fl-3c">
         <path>C:\ti\ccsv6\tools\compiler\ti-cgt-msp430_4.4.3\lib\</path>
         <kind>archive</kind>
         <file>rts430_eabi.lib</file>
         <name>int06.obj</name>
      </input_file>
      <input_file id="fl-3d">
         <path>C:\ti\ccsv6\tools\compiler\ti-cgt-msp430_4.4.3\lib\</path>
         <kind>archive</kind>
         <file>rts430_eabi.lib</file>
         <name>int07.obj</name>
      </input_file>
      <input_file id="fl-3e">
         <path>C:\ti\ccsv6\tools\compiler\ti-cgt-msp430_4.4.3\lib\</path>
         <kind>archive</kind>
         <file>rts430_eabi.lib</file>
         <name>int08.obj</name>
      </input_file>
      <input_file id="fl-3f">
         <path>C:\ti\ccsv6\tools\compiler\ti-cgt-msp430_4.4.3\lib\</path>
         <kind>archive</kind>
         <file>rts430_eabi.lib</file>
         <name>int09.obj</name>
      </input_file>
      <input_file id="fl-40">
         <path>C:\ti\ccsv6\tools\compiler\ti-cgt-msp430_4.4.3\lib\</path>
         <kind>archive</kind>
         <file>rts430_eabi.lib</file>
         <name>int10.obj</name>
      </input_file>
      <input_file id="fl-41">
         <path>C:\ti\ccsv6\tools\compiler\ti-cgt-msp430_4.4.3\lib\</path>
         <kind>archive</kind>
         <file>rts430_eabi.lib</file>
         <name>int11.obj</name>
      </input_file>
      <input_file id="fl-42">
         <path>C:\ti\ccsv6\tools\compiler\ti-cgt-msp430_4.4.3\lib\</path>
         <kind>archive</kind>
         <file>rts430_eabi.lib</file>
         <name>int12.obj</name>
      </input_file>
      <input_file id="fl-43">
         <path>C:\ti\ccsv6\tools\compiler\ti-cgt-msp430_4.4.3\lib\</path>
         <kind>archive</kind>
         <file>rts430_eabi.lib</file>
         <name>int13.obj</name>
      </input_file>
      <input_file id="fl-44">
         <path>C:\ti\ccsv6\tools\compiler\ti-cgt-msp430_4.4.3\lib\</path>
         <kind>archive</kind>
         <file>rts430_eabi.lib</file>
         <name>int14.obj</name>
      </input_file>
      <input_file id="fl-45">
         <path>C:\ti\ccsv6\tools\compiler\ti-cgt-msp430_4.4.3\lib\</path>
         <kind>archive</kind>
         <file>rts430_eabi.lib</file>
         <name>isr_trap.obj</name>
      </input_file>
      <input_file id="fl-46">
         <path>C:\ti\ccsv6\tools\compiler\ti-cgt-msp430_4.4.3\lib\</path>
         <kind>archive</kind>
         <file>rts430_eabi.lib</file>
         <name>memcpy.obj</name>
      </input_file>
      <input_file id="fl-47">
         <path>C:\ti\ccsv6\tools\compiler\ti-cgt-msp430_4.4.3\lib\</path>
         <kind>archive</kind>
         <file>rts430_eabi.lib</file>
         <name>mpu_init.obj</name>
      </input_file>
      <input_file id="fl-48">
         <path>C:\ti\ccsv6\tools\compiler\ti-cgt-msp430_4.4.3\lib\</path>
         <kind>archive</kind>
         <file>rts430_eabi.lib</file>
         <name>pre_init.obj</name>
      </input_file>
      <input_file id="fl-49">
         <path>C:\ti\ccsv6\tools\compiler\ti-cgt-msp430_4.4.3\lib\</path>
         <kind>archive</kind>
         <file>rts430_eabi.lib</file>
         <name>printf.obj</name>
      </input_file>
      <input_file id="fl-4a">
         <path>C:\ti\ccsv6\tools\compiler\ti-cgt-msp430_4.4.3\lib\</path>
         <kind>archive</kind>
         <file>rts430_eabi.lib</file>
         <name>_lock.obj</name>
      </input_file>
      <input_file id="fl-4b">
         <path>C:\ti\ccsv6\tools\compiler\ti-cgt-msp430_4.4.3\lib\</path>
         <kind>archive</kind>
         <file>rts430_eabi.lib</file>
         <name>_printfi_min.obj</name>
      </input_file>
      <input_file id="fl-4c">
         <path>C:\ti\ccsv6\tools\compiler\ti-cgt-msp430_4.4.3\lib\</path>
         <kind>archive</kind>
         <file>rts430_eabi.lib</file>
         <name>args_main.obj</name>
      </input_file>
      <input_file id="fl-4d">
         <path>C:\ti\ccsv6\tools\compiler\ti-cgt-msp430_4.4.3\lib\</path>
         <kind>archive</kind>
         <file>rts430_eabi.lib</file>
         <name>autoinit.obj</name>
      </input_file>
      <input_file id="fl-4e">
         <path>C:\ti\ccsv6\tools\compiler\ti-cgt-msp430_4.4.3\lib\</path>
         <kind>archive</kind>
         <file>rts430_eabi.lib</file>
         <name>defs.obj</name>
      </input_file>
      <input_file id="fl-4f">
         <path>C:\ti\ccsv6\tools\compiler\ti-cgt-msp430_4.4.3\lib\</path>
         <kind>archive</kind>
         <file>rts430_eabi.lib</file>
         <name>div16u.obj</name>
      </input_file>
      <input_file id="fl-50">
         <path>C:\ti\ccsv6\tools\compiler\ti-cgt-msp430_4.4.3\lib\</path>
         <kind>archive</kind>
         <file>rts430_eabi.lib</file>
         <name>fputc.obj</name>
      </input_file>
      <input_file id="fl-51">
         <path>C:\ti\ccsv6\tools\compiler\ti-cgt-msp430_4.4.3\lib\</path>
         <kind>archive</kind>
         <file>rts430_eabi.lib</file>
         <name>fputs.obj</name>
      </input_file>
      <input_file id="fl-52">
         <path>C:\ti\ccsv6\tools\compiler\ti-cgt-msp430_4.4.3\lib\</path>
         <kind>archive</kind>
         <file>rts430_eabi.lib</file>
         <name>lowlev.obj</name>
      </input_file>
      <input_file id="fl-53">
         <path>C:\ti\ccsv6\tools\compiler\ti-cgt-msp430_4.4.3\lib\</path>
         <kind>archive</kind>
         <file>rts430_eabi.lib</file>
         <name>lsr16.obj</name>
      </input_file>
      <input_file id="fl-54">
         <path>C:\ti\ccsv6\tools\compiler\ti-cgt-msp430_4.4.3\lib\</path>
         <kind>archive</kind>
         <file>rts430_eabi.lib</file>
         <name>memccpy.obj</name>
      </input_file>
      <input_file id="fl-55">
         <path>C:\ti\ccsv6\tools\compiler\ti-cgt-msp430_4.4.3\lib\</path>
         <kind>archive</kind>
         <file>rts430_eabi.lib</file>
         <name>memchr.obj</name>
      </input_file>
      <input_file id="fl-56">
         <path>C:\ti\ccsv6\tools\compiler\ti-cgt-msp430_4.4.3\lib\</path>
         <kind>archive</kind>
         <file>rts430_eabi.lib</file>
         <name>memset.obj</name>
      </input_file>
      <input_file id="fl-57">
         <path>C:\ti\ccsv6\tools\compiler\ti-cgt-msp430_4.4.3\lib\</path>
         <kind>archive</kind>
         <file>rts430_eabi.lib</file>
         <name>mult16.obj</name>
      </input_file>
      <input_file id="fl-58">
         <path>C:\ti\ccsv6\tools\compiler\ti-cgt-msp430_4.4.3\lib\</path>
         <kind>archive</kind>
         <file>rts430_eabi.lib</file>
         <name>strchr.obj</name>
      </input_file>
      <input_file id="fl-59">
         <path>C:\ti\ccsv6\tools\compiler\ti-cgt-msp430_4.4.3\lib\</path>
         <kind>archive</kind>
         <file>rts430_eabi.lib</file>
         <name>strcmp.obj</name>
      </input_file>
      <input_file id="fl-5a">
         <path>C:\ti\ccsv6\tools\compiler\ti-cgt-msp430_4.4.3\lib\</path>
         <kind>archive</kind>
         <file>rts430_eabi.lib</file>
         <name>strlen.obj</name>
      </input_file>
      <input_file id="fl-5b">
         <path>C:\ti\ccsv6\tools\compiler\ti-cgt-msp430_4.4.3\lib\</path>
         <kind>archive</kind>
         <file>rts430_eabi.lib</file>
         <name>strncpy.obj</name>
      </input_file>
      <input_file id="fl-5c">
         <path>C:\ti\ccsv6\tools\compiler\ti-cgt-msp430_4.4.3\lib\</path>
         <kind>archive</kind>
         <file>rts430_eabi.lib</file>
         <name>trgdrv.obj</name>
      </input_file>
      <input_file id="fl-5d">
         <path>C:\ti\ccsv6\tools\compiler\ti-cgt-msp430_4.4.3\lib\</path>
         <kind>archive</kind>
         <file>rts430_eabi.lib</file>
         <name>trgmsg.obj</name>
      </input_file>
      <input_file id="fl-5e">
         <path>C:\ti\ccsv6\tools\compiler\ti-cgt-msp430_4.4.3\lib\</path>
         <kind>archive</kind>
         <file>rts430_eabi.lib</file>
         <name>_io_perm.obj</name>
      </input_file>
      <input_file id="fl-5f">
         <path>C:\ti\ccsv6\tools\compiler\ti-cgt-msp430_4.4.3\lib\</path>
         <kind>archive</kind>
         <file>rts430_eabi.lib</file>
         <name>fflush.obj</name>
      </input_file>
      <input_file id="fl-60">
         <path>C:\ti\ccsv6\tools\compiler\ti-cgt-msp430_4.4.3\lib\</path>
         <kind>archive</kind>
         <file>rts430_eabi.lib</file>
         <name>fseek.obj</name>
      </input_file>
      <input_file id="fl-61">
         <path>C:\ti\ccsv6\tools\compiler\ti-cgt-msp430_4.4.3\lib\</path>
         <kind>archive</kind>
         <file>rts430_eabi.lib</file>
         <name>lsl32.obj</name>
      </input_file>
      <input_file id="fl-62">
         <path>C:\ti\ccsv6\tools\compiler\ti-cgt-msp430_4.4.3\lib\</path>
         <kind>archive</kind>
         <file>rts430_eabi.lib</file>
         <name>lsr32.obj</name>
      </input_file>
      <input_file id="fl-63">
         <path>C:\ti\ccsv6\tools\compiler\ti-cgt-msp430_4.4.3\lib\</path>
         <kind>archive</kind>
         <file>rts430_eabi.lib</file>
         <name>setvbuf.obj</name>
      </input_file>
      <input_file id="fl-64">
         <path>C:\ti\ccsv6\tools\compiler\ti-cgt-msp430_4.4.3\lib\</path>
         <kind>archive</kind>
         <file>rts430_eabi.lib</file>
         <name>strcpy.obj</name>
      </input_file>
      <input_file id="fl-65">
         <path>C:\ti\ccsv6\tools\compiler\ti-cgt-msp430_4.4.3\lib\</path>
         <kind>archive</kind>
         <file>rts430_eabi.lib</file>
         <name>fopen.obj</name>
      </input_file>
      <input_file id="fl-66">
         <path>C:\ti\ccsv6\tools\compiler\ti-cgt-msp430_4.4.3\lib\</path>
         <kind>archive</kind>
         <file>rts430_eabi.lib</file>
         <name>memory.obj</name>
      </input_file>
      <input_file id="fl-67">
         <path>C:\ti\ccsv6\tools\compiler\ti-cgt-msp430_4.4.3\lib\</path>
         <kind>archive</kind>
         <file>rts430_eabi.lib</file>
         <name>fclose.obj</name>
      </input_file>
      <input_file id="fl-68">
         <path>C:\ti\ccsv6\tools\compiler\ti-cgt-msp430_4.4.3\lib\</path>
         <kind>archive</kind>
         <file>rts430_eabi.lib</file>
         <name>lsl16.obj</name>
      </input_file>
      <input_file id="fl-69">
         <path>C:\ti\ccsv6\tools\compiler\ti-cgt-msp430_4.4.3\lib\</path>
         <kind>archive</kind>
         <file>rts430_eabi.lib</file>
         <name>remove.obj</name>
      </input_file>
   </input_file_list>
   <object_component_list>
      <object_component id="oc-2ce">
         <name>.common:__TI_tmpnams</name>
         <uninitialized>true</uninitialized>
         <run_address>0x320</run_address>
         <size>0xa0</size>
      </object_component>
      <object_component id="oc-2d9">
         <name>.common:parmbuf</name>
         <uninitialized>true</uninitialized>
         <run_address>0x3c0</run_address>
         <size>0x8</size>
      </object_component>
      <object_component id="oc-26e">
         <name>.common:sys_free</name>
         <uninitialized>true</uninitialized>
         <run_address>0x3cc</run_address>
         <size>0x2</size>
      </object_component>
      <object_component id="oc-2c1">
         <name>.common:sys_base</name>
         <uninitialized>true</uninitialized>
         <run_address>0x3ca</run_address>
         <size>0x2</size>
      </object_component>
      <object_component id="oc-2c0">
         <name>.common:memsize</name>
         <uninitialized>true</uninitialized>
         <run_address>0x3c8</run_address>
         <size>0x2</size>
      </object_component>
      <object_component id="oc-90">
         <name>.sysmem</name>
         <uninitialized>true</uninitialized>
         <run_address>0x0</run_address>
         <size>0x4</size>
         <input_file_ref idref="fl-66"/>
      </object_component>
      <object_component id="oc-37e">
         <name>.sysmem</name>
         <uninitialized>true</uninitialized>
         <run_address>0x0</run_address>
         <size>0x0</size>
      </object_component>
      <object_component id="oc-8c">
         <name>.stack</name>
         <uninitialized>true</uninitialized>
         <run_address>0x0</run_address>
         <size>0x2</size>
         <input_file_ref idref="fl-31"/>
      </object_component>
      <object_component id="oc-37d">
         <name>.stack</name>
         <uninitialized>true</uninitialized>
         <run_address>0x0</run_address>
         <size>0x0</size>
      </object_component>
      <object_component id="oc-191">
         <name>.text:_setfield</name>
         <load_address>0xc000</load_address>
         <run_address>0xc000</run_address>
         <size>0x116</size>
         <input_file_ref idref="fl-4b"/>
      </object_component>
      <object_component id="oc-17d">
         <name>.text:fputs</name>
         <load_address>0xc116</load_address>
         <run_address>0xc116</run_address>
         <size>0xea</size>
         <input_file_ref idref="fl-51"/>
      </object_component>
      <object_component id="oc-1f3">
         <name>.text:setvbuf</name>
         <load_address>0xc200</load_address>
         <run_address>0xc200</run_address>
         <size>0xd0</size>
         <input_file_ref idref="fl-63"/>
      </object_component>
      <object_component id="oc-167">
         <name>.text:__TI_printfi_minimal</name>
         <load_address>0xc2d0</load_address>
         <run_address>0xc2d0</run_address>
         <size>0xca</size>
         <input_file_ref idref="fl-4b"/>
      </object_component>
      <object_component id="oc-230">
         <name>.text:malloc</name>
         <load_address>0xc39a</load_address>
         <run_address>0xc39a</run_address>
         <size>0xae</size>
         <input_file_ref idref="fl-66"/>
      </object_component>
      <object_component id="oc-184">
         <name>.text:fputc</name>
         <load_address>0xc448</load_address>
         <run_address>0xc448</run_address>
         <size>0x90</size>
         <input_file_ref idref="fl-50"/>
      </object_component>
      <object_component id="oc-29e">
         <name>.text:HOSTlseek</name>
         <load_address>0xc4d8</load_address>
         <run_address>0xc4d8</run_address>
         <size>0x8c</size>
         <input_file_ref idref="fl-5c"/>
      </object_component>
      <object_component id="oc-22a">
         <name>.text:free</name>
         <load_address>0xc564</load_address>
         <run_address>0xc564</run_address>
         <size>0x80</size>
         <input_file_ref idref="fl-66"/>
      </object_component>
      <object_component id="oc-1b2">
         <name>.text:__TI_wrt_ok</name>
         <load_address>0xc5e4</load_address>
         <run_address>0xc5e4</run_address>
         <size>0x7a</size>
         <input_file_ref idref="fl-5e"/>
      </object_component>
      <object_component id="oc-27a">
         <name>.text:__TI_closefile</name>
         <load_address>0xc65e</load_address>
         <run_address>0xc65e</run_address>
         <size>0x72</size>
         <input_file_ref idref="fl-67"/>
      </object_component>
      <object_component id="oc-1ed">
         <name>.text:fseek</name>
         <load_address>0xc6d0</load_address>
         <run_address>0xc6d0</run_address>
         <size>0x70</size>
         <input_file_ref idref="fl-60"/>
      </object_component>
      <object_component id="oc-2aa">
         <name>.text:HOSTrename</name>
         <load_address>0xc740</load_address>
         <run_address>0xc740</run_address>
         <size>0x6a</size>
         <input_file_ref idref="fl-5c"/>
      </object_component>
      <object_component id="oc-286">
         <name>.text:HOSTopen</name>
         <load_address>0xc7aa</load_address>
         <run_address>0xc7aa</run_address>
         <size>0x64</size>
         <input_file_ref idref="fl-5c"/>
      </object_component>
      <object_component id="oc-a0">
         <name>.text:__TI_decompress_rle_core</name>
         <load_address>0xc80e</load_address>
         <run_address>0xc80e</run_address>
         <size>0x64</size>
         <input_file_ref idref="fl-34"/>
      </object_component>
      <object_component id="oc-1be">
         <name>.text:__TI_doflush</name>
         <load_address>0xc872</load_address>
         <run_address>0xc872</run_address>
         <size>0x62</size>
         <input_file_ref idref="fl-5f"/>
      </object_component>
      <object_component id="oc-298">
         <name>.text:HOSTwrite</name>
         <load_address>0xc8d4</load_address>
         <run_address>0xc8d4</run_address>
         <size>0x60</size>
         <input_file_ref idref="fl-5c"/>
      </object_component>
      <object_component id="oc-292">
         <name>.text:HOSTread</name>
         <load_address>0xc934</load_address>
         <run_address>0xc934</run_address>
         <size>0x5e</size>
         <input_file_ref idref="fl-5c"/>
      </object_component>
      <object_component id="oc-2ec">
         <name>.text:l_lsr_const</name>
         <load_address>0xc992</load_address>
         <run_address>0xc992</run_address>
         <size>0x5c</size>
         <input_file_ref idref="fl-62"/>
      </object_component>
      <object_component id="oc-bf">
         <name>.text:_auto_init</name>
         <load_address>0xc9ee</load_address>
         <run_address>0xc9ee</run_address>
         <size>0x58</size>
         <input_file_ref idref="fl-4d"/>
      </object_component>
      <object_component id="oc-303">
         <name>.text:getdevice</name>
         <load_address>0xca46</load_address>
         <run_address>0xca46</run_address>
         <size>0x58</size>
         <input_file_ref idref="fl-52"/>
      </object_component>
      <object_component id="oc-d9">
         <name>.text:main</name>
         <load_address>0xca9e</load_address>
         <run_address>0xca9e</run_address>
         <size>0x58</size>
         <input_file_ref idref="fl-2"/>
      </object_component>
      <object_component id="oc-212">
         <name>.text:_ltostr</name>
         <load_address>0xcaf6</load_address>
         <run_address>0xcaf6</run_address>
         <size>0x56</size>
         <input_file_ref idref="fl-4b"/>
      </object_component>
      <object_component id="oc-1d7">
         <name>.text:_pproc_diouxp</name>
         <load_address>0xcb4c</load_address>
         <run_address>0xcb4c</run_address>
         <size>0x4e</size>
         <input_file_ref idref="fl-4b"/>
      </object_component>
      <object_component id="oc-2b2">
         <name>.text</name>
         <load_address>0xcb9a</load_address>
         <run_address>0xcb9a</run_address>
         <size>0x4c</size>
         <input_file_ref idref="fl-53"/>
      </object_component>
      <object_component id="oc-2c3">
         <name>.text:close</name>
         <load_address>0xcbe6</load_address>
         <run_address>0xcbe6</run_address>
         <size>0x4a</size>
         <input_file_ref idref="fl-52"/>
      </object_component>
      <object_component id="oc-197">
         <name>.text:_pproc_str</name>
         <load_address>0xcc30</load_address>
         <run_address>0xcc30</run_address>
         <size>0x48</size>
         <input_file_ref idref="fl-4b"/>
      </object_component>
      <object_component id="oc-28c">
         <name>.text:HOSTclose</name>
         <load_address>0xcc78</load_address>
         <run_address>0xcc78</run_address>
         <size>0x42</size>
         <input_file_ref idref="fl-5c"/>
      </object_component>
      <object_component id="oc-2a4">
         <name>.text:HOSTunlink</name>
         <load_address>0xccba</load_address>
         <run_address>0xccba</run_address>
         <size>0x40</size>
         <input_file_ref idref="fl-5c"/>
      </object_component>
      <object_component id="oc-2f1">
         <name>.text:l_lsl_const</name>
         <load_address>0xccfa</load_address>
         <run_address>0xccfa</run_address>
         <size>0x3e</size>
         <input_file_ref idref="fl-61"/>
      </object_component>
      <object_component id="oc-126">
         <name>.text:printf</name>
         <load_address>0xcd38</load_address>
         <run_address>0xcd38</run_address>
         <size>0x3c</size>
         <input_file_ref idref="fl-49"/>
      </object_component>
      <object_component id="oc-273">
         <name>.text:minit</name>
         <load_address>0xcd74</load_address>
         <run_address>0xcd74</run_address>
         <size>0x38</size>
         <input_file_ref idref="fl-66"/>
      </object_component>
      <object_component id="oc-236">
         <name>.text:__TI_cleanup</name>
         <load_address>0xcdac</load_address>
         <run_address>0xcdac</run_address>
         <size>0x34</size>
         <input_file_ref idref="fl-65"/>
      </object_component>
      <object_component id="oc-324">
         <name>.text:finddevice</name>
         <load_address>0xcde0</load_address>
         <run_address>0xcde0</run_address>
         <size>0x34</size>
         <input_file_ref idref="fl-52"/>
      </object_component>
      <object_component id="oc-2dc">
         <name>.text:__TI_writemsg</name>
         <load_address>0xce14</load_address>
         <run_address>0xce14</run_address>
         <size>0x2e</size>
         <input_file_ref idref="fl-5d"/>
      </object_component>
      <object_component id="oc-20c">
         <name>.text:_getarg_diouxp</name>
         <load_address>0xce42</load_address>
         <run_address>0xce42</run_address>
         <size>0x2e</size>
         <input_file_ref idref="fl-4b"/>
      </object_component>
      <object_component id="oc-2e2">
         <name>.text:__TI_readmsg</name>
         <load_address>0xce70</load_address>
         <run_address>0xce70</run_address>
         <size>0x2c</size>
         <input_file_ref idref="fl-5d"/>
      </object_component>
      <object_component id="oc-2c9">
         <name>.text</name>
         <load_address>0xce9c</load_address>
         <run_address>0xce9c</run_address>
         <size>0x2c</size>
         <input_file_ref idref="fl-68"/>
      </object_component>
      <object_component id="oc-31e">
         <name>.text:strncpy</name>
         <load_address>0xcec8</load_address>
         <run_address>0xcec8</run_address>
         <size>0x2c</size>
         <input_file_ref idref="fl-5b"/>
      </object_component>
      <object_component id="oc-cb">
         <name>.text:exit</name>
         <load_address>0xcef4</load_address>
         <run_address>0xcef4</run_address>
         <size>0x2a</size>
         <input_file_ref idref="fl-37"/>
      </object_component>
      <object_component id="oc-2cf">
         <name>.text:unlink</name>
         <load_address>0xcf1e</load_address>
         <run_address>0xcf1e</run_address>
         <size>0x28</size>
         <input_file_ref idref="fl-52"/>
      </object_component>
      <object_component id="oc-222">
         <name>.text:lseek</name>
         <load_address>0xcf46</load_address>
         <run_address>0xcf46</run_address>
         <size>0x26</size>
         <input_file_ref idref="fl-52"/>
      </object_component>
      <object_component id="oc-1c4">
         <name>.text:write</name>
         <load_address>0xcf6c</load_address>
         <run_address>0xcf6c</run_address>
         <size>0x24</size>
         <input_file_ref idref="fl-52"/>
      </object_component>
      <object_component id="oc-5c">
         <name>.text:_c_int00_noargs</name>
         <load_address>0xcf90</load_address>
         <run_address>0xcf90</run_address>
         <size>0x1c</size>
         <input_file_ref idref="fl-32"/>
      </object_component>
      <object_component id="oc-1dd">
         <name>.text:memccpy</name>
         <load_address>0xcfac</load_address>
         <run_address>0xcfac</run_address>
         <size>0x1a</size>
         <input_file_ref idref="fl-54"/>
      </object_component>
      <object_component id="oc-318">
         <name>.text:strchr</name>
         <load_address>0xcfc6</load_address>
         <run_address>0xcfc6</run_address>
         <size>0x1a</size>
         <input_file_ref idref="fl-58"/>
      </object_component>
      <object_component id="oc-25d">
         <name>.text:_div</name>
         <load_address>0xcfe0</load_address>
         <run_address>0xcfe0</run_address>
         <size>0x18</size>
         <input_file_ref idref="fl-4b"/>
      </object_component>
      <object_component id="oc-335">
         <name>.text:strcmp</name>
         <load_address>0xcff8</load_address>
         <run_address>0xcff8</run_address>
         <size>0x18</size>
         <input_file_ref idref="fl-59"/>
      </object_component>
      <object_component id="oc-2b7">
         <name>.text</name>
         <load_address>0xd010</load_address>
         <run_address>0xd010</run_address>
         <size>0x16</size>
         <input_file_ref idref="fl-4f"/>
      </object_component>
      <object_component id="oc-4a">
         <name>.text:decompress:ZI:__TI_zero_init</name>
         <load_address>0xd026</load_address>
         <run_address>0xd026</run_address>
         <size>0x14</size>
         <input_file_ref idref="fl-35"/>
      </object_component>
      <object_component id="oc-1b8">
         <name>.text:memchr</name>
         <load_address>0xd03a</load_address>
         <run_address>0xd03a</run_address>
         <size>0x14</size>
         <input_file_ref idref="fl-55"/>
      </object_component>
      <object_component id="oc-1d0">
         <name>.text:memset</name>
         <load_address>0xd04e</load_address>
         <run_address>0xd04e</run_address>
         <size>0x14</size>
         <input_file_ref idref="fl-56"/>
      </object_component>
      <object_component id="oc-263">
         <name>.text</name>
         <load_address>0xd062</load_address>
         <run_address>0xd062</run_address>
         <size>0x14</size>
         <input_file_ref idref="fl-57"/>
      </object_component>
      <object_component id="oc-31">
         <name>.text:decompress:none:__TI_decompress_none</name>
         <load_address>0xd076</load_address>
         <run_address>0xd076</run_address>
         <size>0x12</size>
         <input_file_ref idref="fl-33"/>
      </object_component>
      <object_component id="oc-93">
         <name>.text:memcpy</name>
         <load_address>0xd088</load_address>
         <run_address>0xd088</run_address>
         <size>0x12</size>
         <input_file_ref idref="fl-46"/>
      </object_component>
      <object_component id="oc-106">
         <name>.text</name>
         <load_address>0xd09a</load_address>
         <run_address>0xd09a</run_address>
         <size>0x10</size>
         <input_file_ref idref="fl-36"/>
      </object_component>
      <object_component id="oc-2f8">
         <name>.text:strcpy</name>
         <load_address>0xd0aa</load_address>
         <run_address>0xd0aa</run_address>
         <size>0x10</size>
         <input_file_ref idref="fl-64"/>
      </object_component>
      <object_component id="oc-18b">
         <name>.text:strlen</name>
         <load_address>0xd0ba</load_address>
         <run_address>0xd0ba</run_address>
         <size>0xe</size>
         <input_file_ref idref="fl-5a"/>
      </object_component>
      <object_component id="oc-ad">
         <name>.text:_isr:__TI_ISR_TRAP</name>
         <load_address>0xd0c8</load_address>
         <run_address>0xd0c8</run_address>
         <size>0x6</size>
         <input_file_ref idref="fl-45"/>
      </object_component>
      <object_component id="oc-161">
         <name>.text:_outc</name>
         <load_address>0xd0ce</load_address>
         <run_address>0xd0ce</run_address>
         <size>0x6</size>
         <input_file_ref idref="fl-49"/>
      </object_component>
      <object_component id="oc-37">
         <name>.text:decompress:rle24:__TI_decompress_rle24</name>
         <load_address>0xd0d4</load_address>
         <run_address>0xd0d4</run_address>
         <size>0x6</size>
         <input_file_ref idref="fl-34"/>
      </object_component>
      <object_component id="oc-15b">
         <name>.text:_outs</name>
         <load_address>0xd0da</load_address>
         <run_address>0xd0da</run_address>
         <size>0x4</size>
         <input_file_ref idref="fl-49"/>
      </object_component>
      <object_component id="oc-b9">
         <name>.text:_system_pre_init</name>
         <load_address>0xd0de</load_address>
         <run_address>0xd0de</run_address>
         <size>0x4</size>
         <input_file_ref idref="fl-48"/>
      </object_component>
      <object_component id="oc-e1">
         <name>.text:abort</name>
         <load_address>0xd0e2</load_address>
         <run_address>0xd0e2</run_address>
         <size>0x4</size>
         <input_file_ref idref="fl-37"/>
      </object_component>
      <object_component id="oc-146">
         <name>.text:_nop</name>
         <load_address>0xd0e6</load_address>
         <run_address>0xd0e6</run_address>
         <size>0x2</size>
         <input_file_ref idref="fl-4a"/>
      </object_component>
      <object_component id="oc-37b">
         <name>.cinit..data.load</name>
         <load_address>0xd10c</load_address>
         <run_address>0xd10c</run_address>
         <size>0x29</size>
      </object_component>
      <object_component id="oc-378">
         <name>__TI_handler_table</name>
         <load_address>0xd136</load_address>
         <run_address>0xd136</run_address>
         <size>0x6</size>
      </object_component>
      <object_component id="oc-37a">
         <name>.cinit..bss.load</name>
         <load_address>0xd13c</load_address>
         <run_address>0xd13c</run_address>
         <size>0x4</size>
      </object_component>
      <object_component id="oc-37c">
         <name>.cinit..cio.load</name>
         <load_address>0xd140</load_address>
         <run_address>0xd140</run_address>
         <size>0x4</size>
      </object_component>
      <object_component id="oc-379">
         <name>__TI_cinit_table</name>
         <load_address>0xd144</load_address>
         <run_address>0xd144</run_address>
         <size>0xc</size>
      </object_component>
      <object_component id="oc-1d6">
         <name>.const:.string</name>
         <load_address>0xd0e8</load_address>
         <run_address>0xd0e8</run_address>
         <size>0x14</size>
         <input_file_ref idref="fl-4b"/>
      </object_component>
      <object_component id="oc-125">
         <name>.const:.string</name>
         <load_address>0xd0fc</load_address>
         <run_address>0xd0fc</run_address>
         <size>0x10</size>
         <input_file_ref idref="fl-2"/>
      </object_component>
      <object_component id="oc-30e">
         <name>.cio</name>
         <uninitialized>true</uninitialized>
         <run_address>0x200</run_address>
         <size>0x120</size>
         <input_file_ref idref="fl-5d"/>
      </object_component>
      <object_component id="oc-3d">
         <name>.int00</name>
         <load_address>0xffe0</load_address>
         <run_address>0xffe0</run_address>
         <size>0x2</size>
         <input_file_ref idref="fl-38"/>
      </object_component>
      <object_component id="oc-3e">
         <name>.int02</name>
         <load_address>0xffe4</load_address>
         <run_address>0xffe4</run_address>
         <size>0x2</size>
         <input_file_ref idref="fl-39"/>
      </object_component>
      <object_component id="oc-3f">
         <name>.int03</name>
         <load_address>0xffe6</load_address>
         <run_address>0xffe6</run_address>
         <size>0x2</size>
         <input_file_ref idref="fl-3a"/>
      </object_component>
      <object_component id="oc-40">
         <name>.int05</name>
         <load_address>0xffea</load_address>
         <run_address>0xffea</run_address>
         <size>0x2</size>
         <input_file_ref idref="fl-3b"/>
      </object_component>
      <object_component id="oc-41">
         <name>.int06</name>
         <load_address>0xffec</load_address>
         <run_address>0xffec</run_address>
         <size>0x2</size>
         <input_file_ref idref="fl-3c"/>
      </object_component>
      <object_component id="oc-42">
         <name>.int07</name>
         <load_address>0xffee</load_address>
         <run_address>0xffee</run_address>
         <size>0x2</size>
         <input_file_ref idref="fl-3d"/>
      </object_component>
      <object_component id="oc-43">
         <name>.int08</name>
         <load_address>0xfff0</load_address>
         <run_address>0xfff0</run_address>
         <size>0x2</size>
         <input_file_ref idref="fl-3e"/>
      </object_component>
      <object_component id="oc-44">
         <name>.int09</name>
         <load_address>0xfff2</load_address>
         <run_address>0xfff2</run_address>
         <size>0x2</size>
         <input_file_ref idref="fl-3f"/>
      </object_component>
      <object_component id="oc-45">
         <name>.int10</name>
         <load_address>0xfff4</load_address>
         <run_address>0xfff4</run_address>
         <size>0x2</size>
         <input_file_ref idref="fl-40"/>
      </object_component>
      <object_component id="oc-46">
         <name>.int11</name>
         <load_address>0xfff6</load_address>
         <run_address>0xfff6</run_address>
         <size>0x2</size>
         <input_file_ref idref="fl-41"/>
      </object_component>
      <object_component id="oc-47">
         <name>.int12</name>
         <load_address>0xfff8</load_address>
         <run_address>0xfff8</run_address>
         <size>0x2</size>
         <input_file_ref idref="fl-42"/>
      </object_component>
      <object_component id="oc-48">
         <name>.int13</name>
         <load_address>0xfffa</load_address>
         <run_address>0xfffa</run_address>
         <size>0x2</size>
         <input_file_ref idref="fl-43"/>
      </object_component>
      <object_component id="oc-49">
         <name>.int14</name>
         <load_address>0xfffc</load_address>
         <run_address>0xfffc</run_address>
         <size>0x2</size>
         <input_file_ref idref="fl-44"/>
      </object_component>
      <object_component id="oc-8f">
         <name>.reset</name>
         <load_address>0xfffe</load_address>
         <run_address>0xfffe</run_address>
         <size>0x2</size>
         <input_file_ref idref="fl-31"/>
      </object_component>
      <object_component id="oc-11c">
         <name>.data:__TI_cleanup_ptr</name>
         <load_address>0xee</load_address>
         <run_address>0xee</run_address>
         <size>0x2</size>
         <input_file_ref idref="fl-31"/>
      </object_component>
      <object_component id="oc-119">
         <name>.data:__TI_dtors_ptr</name>
         <load_address>0xf0</load_address>
         <run_address>0xf0</run_address>
         <size>0x2</size>
         <input_file_ref idref="fl-31"/>
      </object_component>
      <object_component id="oc-116">
         <name>.data:_lock</name>
         <load_address>0xf2</load_address>
         <run_address>0xf2</run_address>
         <size>0x2</size>
         <input_file_ref idref="fl-4a"/>
      </object_component>
      <object_component id="oc-11f">
         <name>.data:_unlock</name>
         <load_address>0xf4</load_address>
         <run_address>0xf4</run_address>
         <size>0x2</size>
         <input_file_ref idref="fl-4a"/>
      </object_component>
      <object_component id="oc-158">
         <name>.data:_ftable</name>
         <load_address>0x0</load_address>
         <run_address>0x0</run_address>
         <size>0x78</size>
         <input_file_ref idref="fl-4e"/>
      </object_component>
      <object_component id="oc-280">
         <name>.data</name>
         <load_address>0xf6</load_address>
         <run_address>0xf6</run_address>
         <size>0x2</size>
         <input_file_ref idref="fl-4e"/>
      </object_component>
      <object_component id="oc-249">
         <name>.data:_device</name>
         <load_address>0x78</load_address>
         <run_address>0x78</run_address>
         <size>0x4e</size>
         <input_file_ref idref="fl-52"/>
      </object_component>
      <object_component id="oc-1ff">
         <name>.data:_stream</name>
         <load_address>0xc6</load_address>
         <run_address>0xc6</run_address>
         <size>0x28</size>
         <input_file_ref idref="fl-52"/>
      </object_component>
      <object_component id="oc-270">
         <name>.data</name>
         <load_address>0xf8</load_address>
         <run_address>0xf8</run_address>
         <size>0x2</size>
         <input_file_ref idref="fl-66"/>
      </object_component>
      <object_component id="oc-1ec">
         <name>.debug_info</name>
         <load_address>0x0</load_address>
         <run_address>0x0</run_address>
         <size>0x24c</size>
         <input_file_ref idref="fl-2"/>
      </object_component>
      <object_component id="oc-da">
         <name>.debug_info</name>
         <load_address>0x24c</load_address>
         <run_address>0x24c</run_address>
         <size>0xed</size>
         <input_file_ref idref="fl-2"/>
      </object_component>
      <object_component id="oc-ef">
         <name>.debug_info</name>
         <load_address>0x339</load_address>
         <run_address>0x339</run_address>
         <size>0x84</size>
         <input_file_ref idref="fl-2"/>
      </object_component>
      <object_component id="oc-19f">
         <name>.debug_info</name>
         <load_address>0x3bd</load_address>
         <run_address>0x3bd</run_address>
         <size>0x2c</size>
         <input_file_ref idref="fl-2"/>
      </object_component>
      <object_component id="oc-151">
         <name>.debug_info</name>
         <load_address>0x3e9</load_address>
         <run_address>0x3e9</run_address>
         <size>0x1c9</size>
         <input_file_ref idref="fl-31"/>
      </object_component>
      <object_component id="oc-11d">
         <name>.debug_info</name>
         <load_address>0x5b2</load_address>
         <run_address>0x5b2</run_address>
         <size>0xec</size>
         <input_file_ref idref="fl-31"/>
      </object_component>
      <object_component id="oc-11a">
         <name>.debug_info</name>
         <load_address>0x69e</load_address>
         <run_address>0x69e</run_address>
         <size>0xe8</size>
         <input_file_ref idref="fl-31"/>
      </object_component>
      <object_component id="oc-8d">
         <name>.debug_info</name>
         <load_address>0x786</load_address>
         <run_address>0x786</run_address>
         <size>0xd8</size>
         <input_file_ref idref="fl-31"/>
      </object_component>
      <object_component id="oc-5d">
         <name>.debug_info</name>
         <load_address>0x85e</load_address>
         <run_address>0x85e</run_address>
         <size>0x16a</size>
         <input_file_ref idref="fl-32"/>
      </object_component>
      <object_component id="oc-9f">
         <name>.debug_info</name>
         <load_address>0x9c8</load_address>
         <run_address>0x9c8</run_address>
         <size>0x195</size>
         <input_file_ref idref="fl-33"/>
      </object_component>
      <object_component id="oc-32">
         <name>.debug_info</name>
         <load_address>0xb5d</load_address>
         <run_address>0xb5d</run_address>
         <size>0x1c2</size>
         <input_file_ref idref="fl-33"/>
      </object_component>
      <object_component id="oc-9a">
         <name>.debug_info</name>
         <load_address>0xd1f</load_address>
         <run_address>0xd1f</run_address>
         <size>0x46</size>
         <input_file_ref idref="fl-33"/>
      </object_component>
      <object_component id="oc-ff">
         <name>.debug_info</name>
         <load_address>0xd65</load_address>
         <run_address>0xd65</run_address>
         <size>0x2c</size>
         <input_file_ref idref="fl-33"/>
      </object_component>
      <object_component id="oc-a7">
         <name>.debug_info</name>
         <load_address>0xd91</load_address>
         <run_address>0xd91</run_address>
         <size>0x157</size>
         <input_file_ref idref="fl-34"/>
      </object_component>
      <object_component id="oc-a2">
         <name>.debug_info</name>
         <load_address>0xee8</load_address>
         <run_address>0xee8</run_address>
         <size>0x21d</size>
         <input_file_ref idref="fl-34"/>
      </object_component>
      <object_component id="oc-39">
         <name>.debug_info</name>
         <load_address>0x1105</load_address>
         <run_address>0x1105</run_address>
         <size>0x194</size>
         <input_file_ref idref="fl-34"/>
      </object_component>
      <object_component id="oc-a8">
         <name>.debug_info</name>
         <load_address>0x1299</load_address>
         <run_address>0x1299</run_address>
         <size>0x39</size>
         <input_file_ref idref="fl-34"/>
      </object_component>
      <object_component id="oc-b8">
         <name>.debug_info</name>
         <load_address>0x12d2</load_address>
         <run_address>0x12d2</run_address>
         <size>0x14d</size>
         <input_file_ref idref="fl-35"/>
      </object_component>
      <object_component id="oc-4e">
         <name>.debug_info</name>
         <load_address>0x141f</load_address>
         <run_address>0x141f</run_address>
         <size>0x198</size>
         <input_file_ref idref="fl-35"/>
      </object_component>
      <object_component id="oc-b3">
         <name>.debug_info</name>
         <load_address>0x15b7</load_address>
         <run_address>0x15b7</run_address>
         <size>0x46</size>
         <input_file_ref idref="fl-35"/>
      </object_component>
      <object_component id="oc-fa">
         <name>.debug_info</name>
         <load_address>0x15fd</load_address>
         <run_address>0x15fd</run_address>
         <size>0x2c</size>
         <input_file_ref idref="fl-35"/>
      </object_component>
      <object_component id="oc-108">
         <name>.debug_info</name>
         <load_address>0x1629</load_address>
         <run_address>0x1629</run_address>
         <size>0x10d</size>
         <input_file_ref idref="fl-36"/>
      </object_component>
      <object_component id="oc-123">
         <name>.debug_info</name>
         <load_address>0x1736</load_address>
         <run_address>0x1736</run_address>
         <size>0x1d8</size>
         <input_file_ref idref="fl-37"/>
      </object_component>
      <object_component id="oc-e4">
         <name>.debug_info</name>
         <load_address>0x190e</load_address>
         <run_address>0x190e</run_address>
         <size>0xfa</size>
         <input_file_ref idref="fl-37"/>
      </object_component>
      <object_component id="oc-ce">
         <name>.debug_info</name>
         <load_address>0x1a08</load_address>
         <run_address>0x1a08</run_address>
         <size>0x155</size>
         <input_file_ref idref="fl-37"/>
      </object_component>
      <object_component id="oc-af">
         <name>.debug_info</name>
         <load_address>0x1b5d</load_address>
         <run_address>0x1b5d</run_address>
         <size>0xee</size>
         <input_file_ref idref="fl-45"/>
      </object_component>
      <object_component id="oc-f9">
         <name>.debug_info</name>
         <load_address>0x1c4b</load_address>
         <run_address>0x1c4b</run_address>
         <size>0x150</size>
         <input_file_ref idref="fl-46"/>
      </object_component>
      <object_component id="oc-96">
         <name>.debug_info</name>
         <load_address>0x1d9b</load_address>
         <run_address>0x1d9b</run_address>
         <size>0x174</size>
         <input_file_ref idref="fl-46"/>
      </object_component>
      <object_component id="oc-ba">
         <name>.debug_info</name>
         <load_address>0x1f0f</load_address>
         <run_address>0x1f0f</run_address>
         <size>0x12b</size>
         <input_file_ref idref="fl-48"/>
      </object_component>
      <object_component id="oc-16e">
         <name>.debug_info</name>
         <load_address>0x203a</load_address>
         <run_address>0x203a</run_address>
         <size>0x27f</size>
         <input_file_ref idref="fl-49"/>
      </object_component>
      <object_component id="oc-164">
         <name>.debug_info</name>
         <load_address>0x22b9</load_address>
         <run_address>0x22b9</run_address>
         <size>0x13a</size>
         <input_file_ref idref="fl-49"/>
      </object_component>
      <object_component id="oc-15d">
         <name>.debug_info</name>
         <load_address>0x23f3</load_address>
         <run_address>0x23f3</run_address>
         <size>0x13e</size>
         <input_file_ref idref="fl-49"/>
      </object_component>
      <object_component id="oc-128">
         <name>.debug_info</name>
         <load_address>0x2531</load_address>
         <run_address>0x2531</run_address>
         <size>0x15c</size>
         <input_file_ref idref="fl-49"/>
      </object_component>
      <object_component id="oc-1ab">
         <name>.debug_info</name>
         <load_address>0x268d</load_address>
         <run_address>0x268d</run_address>
         <size>0xae</size>
         <input_file_ref idref="fl-49"/>
      </object_component>
      <object_component id="oc-14e">
         <name>.debug_info</name>
         <load_address>0x273b</load_address>
         <run_address>0x273b</run_address>
         <size>0x13b</size>
         <input_file_ref idref="fl-4a"/>
      </object_component>
      <object_component id="oc-117">
         <name>.debug_info</name>
         <load_address>0x2876</load_address>
         <run_address>0x2876</run_address>
         <size>0xd7</size>
         <input_file_ref idref="fl-4a"/>
      </object_component>
      <object_component id="oc-120">
         <name>.debug_info</name>
         <load_address>0x294d</load_address>
         <run_address>0x294d</run_address>
         <size>0xdb</size>
         <input_file_ref idref="fl-4a"/>
      </object_component>
      <object_component id="oc-147">
         <name>.debug_info</name>
         <load_address>0x2a28</load_address>
         <run_address>0x2a28</run_address>
         <size>0x106</size>
         <input_file_ref idref="fl-4a"/>
      </object_component>
      <object_component id="oc-19e">
         <name>.debug_info</name>
         <load_address>0x2b2e</load_address>
         <run_address>0x2b2e</run_address>
         <size>0x33f</size>
         <input_file_ref idref="fl-4b"/>
      </object_component>
      <object_component id="oc-20e">
         <name>.debug_info</name>
         <load_address>0x2e6d</load_address>
         <run_address>0x2e6d</run_address>
         <size>0x18a</size>
         <input_file_ref idref="fl-4b"/>
      </object_component>
      <object_component id="oc-25f">
         <name>.debug_info</name>
         <load_address>0x2ff7</load_address>
         <run_address>0x2ff7</run_address>
         <size>0x187</size>
         <input_file_ref idref="fl-4b"/>
      </object_component>
      <object_component id="oc-214">
         <name>.debug_info</name>
         <load_address>0x317e</load_address>
         <run_address>0x317e</run_address>
         <size>0x1cf</size>
         <input_file_ref idref="fl-4b"/>
      </object_component>
      <object_component id="oc-1da">
         <name>.debug_info</name>
         <load_address>0x334d</load_address>
         <run_address>0x334d</run_address>
         <size>0x212</size>
         <input_file_ref idref="fl-4b"/>
      </object_component>
      <object_component id="oc-194">
         <name>.debug_info</name>
         <load_address>0x355f</load_address>
         <run_address>0x355f</run_address>
         <size>0x267</size>
         <input_file_ref idref="fl-4b"/>
      </object_component>
      <object_component id="oc-199">
         <name>.debug_info</name>
         <load_address>0x37c6</load_address>
         <run_address>0x37c6</run_address>
         <size>0x20a</size>
         <input_file_ref idref="fl-4b"/>
      </object_component>
      <object_component id="oc-169">
         <name>.debug_info</name>
         <load_address>0x39d0</load_address>
         <run_address>0x39d0</run_address>
         <size>0x28a</size>
         <input_file_ref idref="fl-4b"/>
      </object_component>
      <object_component id="oc-1a4">
         <name>.debug_info</name>
         <load_address>0x3c5a</load_address>
         <run_address>0x3c5a</run_address>
         <size>0x86</size>
         <input_file_ref idref="fl-4b"/>
      </object_component>
      <object_component id="oc-219">
         <name>.debug_info</name>
         <load_address>0x3ce0</load_address>
         <run_address>0x3ce0</run_address>
         <size>0x39</size>
         <input_file_ref idref="fl-4b"/>
      </object_component>
      <object_component id="oc-1e7">
         <name>.debug_info</name>
         <load_address>0x3d19</load_address>
         <run_address>0x3d19</run_address>
         <size>0x2c</size>
         <input_file_ref idref="fl-4b"/>
      </object_component>
      <object_component id="oc-113">
         <name>.debug_info</name>
         <load_address>0x3d45</load_address>
         <run_address>0x3d45</run_address>
         <size>0x2cc</size>
         <input_file_ref idref="fl-4d"/>
      </object_component>
      <object_component id="oc-c1">
         <name>.debug_info</name>
         <load_address>0x4011</load_address>
         <run_address>0x4011</run_address>
         <size>0x17e</size>
         <input_file_ref idref="fl-4d"/>
      </object_component>
      <object_component id="oc-13a">
         <name>.debug_info</name>
         <load_address>0x418f</load_address>
         <run_address>0x418f</run_address>
         <size>0x39</size>
         <input_file_ref idref="fl-4d"/>
      </object_component>
      <object_component id="oc-17b">
         <name>.debug_info</name>
         <load_address>0x41c8</load_address>
         <run_address>0x41c8</run_address>
         <size>0x116</size>
         <input_file_ref idref="fl-4e"/>
      </object_component>
      <object_component id="oc-159">
         <name>.debug_info</name>
         <load_address>0x42de</load_address>
         <run_address>0x42de</run_address>
         <size>0xda</size>
         <input_file_ref idref="fl-4e"/>
      </object_component>
      <object_component id="oc-281">
         <name>.debug_info</name>
         <load_address>0x43b8</load_address>
         <run_address>0x43b8</run_address>
         <size>0xe2</size>
         <input_file_ref idref="fl-4e"/>
      </object_component>
      <object_component id="oc-2b8">
         <name>.debug_info</name>
         <load_address>0x449a</load_address>
         <run_address>0x449a</run_address>
         <size>0x100</size>
         <input_file_ref idref="fl-4f"/>
      </object_component>
      <object_component id="oc-1cd">
         <name>.debug_info</name>
         <load_address>0x459a</load_address>
         <run_address>0x459a</run_address>
         <size>0x233</size>
         <input_file_ref idref="fl-50"/>
      </object_component>
      <object_component id="oc-185">
         <name>.debug_info</name>
         <load_address>0x47cd</load_address>
         <run_address>0x47cd</run_address>
         <size>0x1a8</size>
         <input_file_ref idref="fl-50"/>
      </object_component>
      <object_component id="oc-1cb">
         <name>.debug_info</name>
         <load_address>0x4975</load_address>
         <run_address>0x4975</run_address>
         <size>0x2f7</size>
         <input_file_ref idref="fl-51"/>
      </object_component>
      <object_component id="oc-17e">
         <name>.debug_info</name>
         <load_address>0x4c6c</load_address>
         <run_address>0x4c6c</run_address>
         <size>0x29f</size>
         <input_file_ref idref="fl-51"/>
      </object_component>
      <object_component id="oc-203">
         <name>.debug_info</name>
         <load_address>0x4f0b</load_address>
         <run_address>0x4f0b</run_address>
         <size>0x478</size>
         <input_file_ref idref="fl-52"/>
      </object_component>
      <object_component id="oc-24a">
         <name>.debug_info</name>
         <load_address>0x5383</load_address>
         <run_address>0x5383</run_address>
         <size>0xdb</size>
         <input_file_ref idref="fl-52"/>
      </object_component>
      <object_component id="oc-200">
         <name>.debug_info</name>
         <load_address>0x545e</load_address>
         <run_address>0x545e</run_address>
         <size>0xdb</size>
         <input_file_ref idref="fl-52"/>
      </object_component>
      <object_component id="oc-1c8">
         <name>.debug_info</name>
         <load_address>0x5539</load_address>
         <run_address>0x5539</run_address>
         <size>0x167</size>
         <input_file_ref idref="fl-52"/>
      </object_component>
      <object_component id="oc-328">
         <name>.debug_info</name>
         <load_address>0x56a0</load_address>
         <run_address>0x56a0</run_address>
         <size>0x166</size>
         <input_file_ref idref="fl-52"/>
      </object_component>
      <object_component id="oc-307">
         <name>.debug_info</name>
         <load_address>0x5806</load_address>
         <run_address>0x5806</run_address>
         <size>0x1b9</size>
         <input_file_ref idref="fl-52"/>
      </object_component>
      <object_component id="oc-2d1">
         <name>.debug_info</name>
         <load_address>0x59bf</load_address>
         <run_address>0x59bf</run_address>
         <size>0x180</size>
         <input_file_ref idref="fl-52"/>
      </object_component>
      <object_component id="oc-224">
         <name>.debug_info</name>
         <load_address>0x5b3f</load_address>
         <run_address>0x5b3f</run_address>
         <size>0x16d</size>
         <input_file_ref idref="fl-52"/>
      </object_component>
      <object_component id="oc-2c4">
         <name>.debug_info</name>
         <load_address>0x5cac</load_address>
         <run_address>0x5cac</run_address>
         <size>0x166</size>
         <input_file_ref idref="fl-52"/>
      </object_component>
      <object_component id="oc-250">
         <name>.debug_info</name>
         <load_address>0x5e12</load_address>
         <run_address>0x5e12</run_address>
         <size>0x120</size>
         <input_file_ref idref="fl-52"/>
      </object_component>
      <object_component id="oc-255">
         <name>.debug_info</name>
         <load_address>0x5f32</load_address>
         <run_address>0x5f32</run_address>
         <size>0x2c</size>
         <input_file_ref idref="fl-52"/>
      </object_component>
      <object_component id="oc-2b4">
         <name>.debug_info</name>
         <load_address>0x5f5e</load_address>
         <run_address>0x5f5e</run_address>
         <size>0xff</size>
         <input_file_ref idref="fl-53"/>
      </object_component>
      <object_component id="oc-21f">
         <name>.debug_info</name>
         <load_address>0x605d</load_address>
         <run_address>0x605d</run_address>
         <size>0x146</size>
         <input_file_ref idref="fl-54"/>
      </object_component>
      <object_component id="oc-1de">
         <name>.debug_info</name>
         <load_address>0x61a3</load_address>
         <run_address>0x61a3</run_address>
         <size>0x18e</size>
         <input_file_ref idref="fl-54"/>
      </object_component>
      <object_component id="oc-1fc">
         <name>.debug_info</name>
         <load_address>0x6331</load_address>
         <run_address>0x6331</run_address>
         <size>0x150</size>
         <input_file_ref idref="fl-55"/>
      </object_component>
      <object_component id="oc-1bb">
         <name>.debug_info</name>
         <load_address>0x6481</load_address>
         <run_address>0x6481</run_address>
         <size>0x1e8</size>
         <input_file_ref idref="fl-55"/>
      </object_component>
      <object_component id="oc-20b">
         <name>.debug_info</name>
         <load_address>0x6669</load_address>
         <run_address>0x6669</run_address>
         <size>0x145</size>
         <input_file_ref idref="fl-56"/>
      </object_component>
      <object_component id="oc-1d3">
         <name>.debug_info</name>
         <load_address>0x67ae</load_address>
         <run_address>0x67ae</run_address>
         <size>0x20d</size>
         <input_file_ref idref="fl-56"/>
      </object_component>
      <object_component id="oc-266">
         <name>.debug_info</name>
         <load_address>0x69bb</load_address>
         <run_address>0x69bb</run_address>
         <size>0x100</size>
         <input_file_ref idref="fl-57"/>
      </object_component>
      <object_component id="oc-332">
         <name>.debug_info</name>
         <load_address>0x6abb</load_address>
         <run_address>0x6abb</run_address>
         <size>0x14a</size>
         <input_file_ref idref="fl-58"/>
      </object_component>
      <object_component id="oc-31b">
         <name>.debug_info</name>
         <load_address>0x6c05</load_address>
         <run_address>0x6c05</run_address>
         <size>0x1fd</size>
         <input_file_ref idref="fl-58"/>
      </object_component>
      <object_component id="oc-341">
         <name>.debug_info</name>
         <load_address>0x6e02</load_address>
         <run_address>0x6e02</run_address>
         <size>0x13a</size>
         <input_file_ref idref="fl-59"/>
      </object_component>
      <object_component id="oc-336">
         <name>.debug_info</name>
         <load_address>0x6f3c</load_address>
         <run_address>0x6f3c</run_address>
         <size>0x20b</size>
         <input_file_ref idref="fl-59"/>
      </object_component>
      <object_component id="oc-1cf">
         <name>.debug_info</name>
         <load_address>0x7147</load_address>
         <run_address>0x7147</run_address>
         <size>0x13a</size>
         <input_file_ref idref="fl-5a"/>
      </object_component>
      <object_component id="oc-18c">
         <name>.debug_info</name>
         <load_address>0x7281</load_address>
         <run_address>0x7281</run_address>
         <size>0x1c8</size>
         <input_file_ref idref="fl-5a"/>
      </object_component>
      <object_component id="oc-334">
         <name>.debug_info</name>
         <load_address>0x7449</load_address>
         <run_address>0x7449</run_address>
         <size>0x146</size>
         <input_file_ref idref="fl-5b"/>
      </object_component>
      <object_component id="oc-320">
         <name>.debug_info</name>
         <load_address>0x758f</load_address>
         <run_address>0x758f</run_address>
         <size>0x1fd</size>
         <input_file_ref idref="fl-5b"/>
      </object_component>
      <object_component id="oc-2da">
         <name>.debug_info</name>
         <load_address>0x778c</load_address>
         <run_address>0x778c</run_address>
         <size>0x2c2</size>
         <input_file_ref idref="fl-5c"/>
      </object_component>
      <object_component id="oc-299">
         <name>.debug_info</name>
         <load_address>0x7a4e</load_address>
         <run_address>0x7a4e</run_address>
         <size>0x1cf</size>
         <input_file_ref idref="fl-5c"/>
      </object_component>
      <object_component id="oc-2a5">
         <name>.debug_info</name>
         <load_address>0x7c1d</load_address>
         <run_address>0x7c1d</run_address>
         <size>0x193</size>
         <input_file_ref idref="fl-5c"/>
      </object_component>
      <object_component id="oc-2ac">
         <name>.debug_info</name>
         <load_address>0x7db0</load_address>
         <run_address>0x7db0</run_address>
         <size>0x205</size>
         <input_file_ref idref="fl-5c"/>
      </object_component>
      <object_component id="oc-294">
         <name>.debug_info</name>
         <load_address>0x7fb5</load_address>
         <run_address>0x7fb5</run_address>
         <size>0x1cd</size>
         <input_file_ref idref="fl-5c"/>
      </object_component>
      <object_component id="oc-288">
         <name>.debug_info</name>
         <load_address>0x8182</load_address>
         <run_address>0x8182</run_address>
         <size>0x1de</size>
         <input_file_ref idref="fl-5c"/>
      </object_component>
      <object_component id="oc-2a0">
         <name>.debug_info</name>
         <load_address>0x8360</load_address>
         <run_address>0x8360</run_address>
         <size>0x210</size>
         <input_file_ref idref="fl-5c"/>
      </object_component>
      <object_component id="oc-28d">
         <name>.debug_info</name>
         <load_address>0x8570</load_address>
         <run_address>0x8570</run_address>
         <size>0x18b</size>
         <input_file_ref idref="fl-5c"/>
      </object_component>
      <object_component id="oc-312">
         <name>.debug_info</name>
         <load_address>0x86fb</load_address>
         <run_address>0x86fb</run_address>
         <size>0x16b</size>
         <input_file_ref idref="fl-5d"/>
      </object_component>
      <object_component id="oc-30f">
         <name>.debug_info</name>
         <load_address>0x8866</load_address>
         <run_address>0x8866</run_address>
         <size>0xde</size>
         <input_file_ref idref="fl-5d"/>
      </object_component>
      <object_component id="oc-2dd">
         <name>.debug_info</name>
         <load_address>0x8944</load_address>
         <run_address>0x8944</run_address>
         <size>0x1b7</size>
         <input_file_ref idref="fl-5d"/>
      </object_component>
      <object_component id="oc-2e3">
         <name>.debug_info</name>
         <load_address>0x8afb</load_address>
         <run_address>0x8afb</run_address>
         <size>0x172</size>
         <input_file_ref idref="fl-5d"/>
      </object_component>
      <object_component id="oc-1fa">
         <name>.debug_info</name>
         <load_address>0x8c6d</load_address>
         <run_address>0x8c6d</run_address>
         <size>0x1a5</size>
         <input_file_ref idref="fl-5e"/>
      </object_component>
      <object_component id="oc-1b5">
         <name>.debug_info</name>
         <load_address>0x8e12</load_address>
         <run_address>0x8e12</run_address>
         <size>0x16e</size>
         <input_file_ref idref="fl-5e"/>
      </object_component>
      <object_component id="oc-23e">
         <name>.debug_info</name>
         <load_address>0x8f80</load_address>
         <run_address>0x8f80</run_address>
         <size>0xbb</size>
         <input_file_ref idref="fl-5e"/>
      </object_component>
      <object_component id="oc-1fe">
         <name>.debug_info</name>
         <load_address>0x903b</load_address>
         <run_address>0x903b</run_address>
         <size>0x1f7</size>
         <input_file_ref idref="fl-5f"/>
      </object_component>
      <object_component id="oc-1c0">
         <name>.debug_info</name>
         <load_address>0x9232</load_address>
         <run_address>0x9232</run_address>
         <size>0x15c</size>
         <input_file_ref idref="fl-5f"/>
      </object_component>
      <object_component id="oc-229">
         <name>.debug_info</name>
         <load_address>0x938e</load_address>
         <run_address>0x938e</run_address>
         <size>0x1d4</size>
         <input_file_ref idref="fl-60"/>
      </object_component>
      <object_component id="oc-1ee">
         <name>.debug_info</name>
         <load_address>0x9562</load_address>
         <run_address>0x9562</run_address>
         <size>0x1b7</size>
         <input_file_ref idref="fl-60"/>
      </object_component>
      <object_component id="oc-2f2">
         <name>.debug_info</name>
         <load_address>0x9719</load_address>
         <run_address>0x9719</run_address>
         <size>0x105</size>
         <input_file_ref idref="fl-61"/>
      </object_component>
      <object_component id="oc-2ee">
         <name>.debug_info</name>
         <load_address>0x981e</load_address>
         <run_address>0x981e</run_address>
         <size>0x105</size>
         <input_file_ref idref="fl-62"/>
      </object_component>
      <object_component id="oc-23d">
         <name>.debug_info</name>
         <load_address>0x9923</load_address>
         <run_address>0x9923</run_address>
         <size>0x215</size>
         <input_file_ref idref="fl-63"/>
      </object_component>
      <object_component id="oc-1f6">
         <name>.debug_info</name>
         <load_address>0x9b38</load_address>
         <run_address>0x9b38</run_address>
         <size>0x1d6</size>
         <input_file_ref idref="fl-63"/>
      </object_component>
      <object_component id="oc-317">
         <name>.debug_info</name>
         <load_address>0x9d0e</load_address>
         <run_address>0x9d0e</run_address>
         <size>0x145</size>
         <input_file_ref idref="fl-64"/>
      </object_component>
      <object_component id="oc-2fb">
         <name>.debug_info</name>
         <load_address>0x9e53</load_address>
         <run_address>0x9e53</run_address>
         <size>0x1e4</size>
         <input_file_ref idref="fl-64"/>
      </object_component>
      <object_component id="oc-239">
         <name>.debug_info</name>
         <load_address>0xa037</load_address>
         <run_address>0xa037</run_address>
         <size>0x14e</size>
         <input_file_ref idref="fl-65"/>
      </object_component>
      <object_component id="oc-f6">
         <name>.debug_info</name>
         <load_address>0xa185</load_address>
         <run_address>0xa185</run_address>
         <size>0x273</size>
         <input_file_ref idref="fl-66"/>
      </object_component>
      <object_component id="oc-91">
         <name>.debug_info</name>
         <load_address>0xa3f8</load_address>
         <run_address>0xa3f8</run_address>
         <size>0xe4</size>
         <input_file_ref idref="fl-66"/>
      </object_component>
      <object_component id="oc-271">
         <name>.debug_info</name>
         <load_address>0xa4dc</load_address>
         <run_address>0xa4dc</run_address>
         <size>0xe1</size>
         <input_file_ref idref="fl-66"/>
      </object_component>
      <object_component id="oc-22b">
         <name>.debug_info</name>
         <load_address>0xa5bd</load_address>
         <run_address>0xa5bd</run_address>
         <size>0x183</size>
         <input_file_ref idref="fl-66"/>
      </object_component>
      <object_component id="oc-274">
         <name>.debug_info</name>
         <load_address>0xa740</load_address>
         <run_address>0xa740</run_address>
         <size>0x113</size>
         <input_file_ref idref="fl-66"/>
      </object_component>
      <object_component id="oc-231">
         <name>.debug_info</name>
         <load_address>0xa853</load_address>
         <run_address>0xa853</run_address>
         <size>0x1a4</size>
         <input_file_ref idref="fl-66"/>
      </object_component>
      <object_component id="oc-16f">
         <name>.debug_info</name>
         <load_address>0xa9f7</load_address>
         <run_address>0xa9f7</run_address>
         <size>0x2c</size>
         <input_file_ref idref="fl-66"/>
      </object_component>
      <object_component id="oc-130">
         <name>.debug_info</name>
         <load_address>0xaa23</load_address>
         <run_address>0xaa23</run_address>
         <size>0x6f</size>
         <input_file_ref idref="fl-66"/>
      </object_component>
      <object_component id="oc-2d6">
         <name>.debug_info</name>
         <load_address>0xaa92</load_address>
         <run_address>0xaa92</run_address>
         <size>0x255</size>
         <input_file_ref idref="fl-67"/>
      </object_component>
      <object_component id="oc-27e">
         <name>.debug_info</name>
         <load_address>0xace7</load_address>
         <run_address>0xace7</run_address>
         <size>0x1e1</size>
         <input_file_ref idref="fl-67"/>
      </object_component>
      <object_component id="oc-2ca">
         <name>.debug_info</name>
         <load_address>0xaec8</load_address>
         <run_address>0xaec8</run_address>
         <size>0xff</size>
         <input_file_ref idref="fl-68"/>
      </object_component>
      <object_component id="oc-37f">
         <name>.debug_info</name>
         <load_address>0xafc7</load_address>
         <run_address>0xafc7</run_address>
         <size>0x96</size>
      </object_component>
      <object_component id="oc-221">
         <name>.debug_line</name>
         <load_address>0x0</load_address>
         <run_address>0x0</run_address>
         <size>0xde</size>
         <input_file_ref idref="fl-2"/>
      </object_component>
      <object_component id="oc-dd">
         <name>.debug_line</name>
         <load_address>0xde</load_address>
         <run_address>0xde</run_address>
         <size>0x4d</size>
         <input_file_ref idref="fl-2"/>
      </object_component>
      <object_component id="oc-f2">
         <name>.debug_line</name>
         <load_address>0x12b</load_address>
         <run_address>0x12b</run_address>
         <size>0x20</size>
         <input_file_ref idref="fl-2"/>
      </object_component>
      <object_component id="oc-1a2">
         <name>.debug_line</name>
         <load_address>0x14b</load_address>
         <run_address>0x14b</run_address>
         <size>0x63</size>
         <input_file_ref idref="fl-2"/>
      </object_component>
      <object_component id="oc-178">
         <name>.debug_line</name>
         <load_address>0x1ae</load_address>
         <run_address>0x1ae</run_address>
         <size>0x7c</size>
         <input_file_ref idref="fl-31"/>
      </object_component>
      <object_component id="oc-153">
         <name>.debug_line</name>
         <load_address>0x22a</load_address>
         <run_address>0x22a</run_address>
         <size>0x2a</size>
         <input_file_ref idref="fl-31"/>
      </object_component>
      <object_component id="oc-150">
         <name>.debug_line</name>
         <load_address>0x254</load_address>
         <run_address>0x254</run_address>
         <size>0x2a</size>
         <input_file_ref idref="fl-31"/>
      </object_component>
      <object_component id="oc-ee">
         <name>.debug_line</name>
         <load_address>0x27e</load_address>
         <run_address>0x27e</run_address>
         <size>0x2a</size>
         <input_file_ref idref="fl-31"/>
      </object_component>
      <object_component id="oc-60">
         <name>.debug_line</name>
         <load_address>0x2a8</load_address>
         <run_address>0x2a8</run_address>
         <size>0x4b</size>
         <input_file_ref idref="fl-32"/>
      </object_component>
      <object_component id="oc-105">
         <name>.debug_line</name>
         <load_address>0x2f3</load_address>
         <run_address>0x2f3</run_address>
         <size>0x72</size>
         <input_file_ref idref="fl-33"/>
      </object_component>
      <object_component id="oc-35">
         <name>.debug_line</name>
         <load_address>0x365</load_address>
         <run_address>0x365</run_address>
         <size>0x50</size>
         <input_file_ref idref="fl-33"/>
      </object_component>
      <object_component id="oc-9d">
         <name>.debug_line</name>
         <load_address>0x3b5</load_address>
         <run_address>0x3b5</run_address>
         <size>0x3a</size>
         <input_file_ref idref="fl-33"/>
      </object_component>
      <object_component id="oc-102">
         <name>.debug_line</name>
         <load_address>0x3ef</load_address>
         <run_address>0x3ef</run_address>
         <size>0x72</size>
         <input_file_ref idref="fl-33"/>
      </object_component>
      <object_component id="oc-10d">
         <name>.debug_line</name>
         <load_address>0x461</load_address>
         <run_address>0x461</run_address>
         <size>0x20</size>
         <input_file_ref idref="fl-34"/>
      </object_component>
      <object_component id="oc-a1">
         <name>.debug_line</name>
         <load_address>0x481</load_address>
         <run_address>0x481</run_address>
         <size>0x87</size>
         <input_file_ref idref="fl-34"/>
      </object_component>
      <object_component id="oc-38">
         <name>.debug_line</name>
         <load_address>0x508</load_address>
         <run_address>0x508</run_address>
         <size>0x49</size>
         <input_file_ref idref="fl-34"/>
      </object_component>
      <object_component id="oc-ab">
         <name>.debug_line</name>
         <load_address>0x551</load_address>
         <run_address>0x551</run_address>
         <size>0x39</size>
         <input_file_ref idref="fl-34"/>
      </object_component>
      <object_component id="oc-110">
         <name>.debug_line</name>
         <load_address>0x58a</load_address>
         <run_address>0x58a</run_address>
         <size>0x20</size>
         <input_file_ref idref="fl-35"/>
      </object_component>
      <object_component id="oc-4c">
         <name>.debug_line</name>
         <load_address>0x5aa</load_address>
         <run_address>0x5aa</run_address>
         <size>0x4d</size>
         <input_file_ref idref="fl-35"/>
      </object_component>
      <object_component id="oc-b6">
         <name>.debug_line</name>
         <load_address>0x5f7</load_address>
         <run_address>0x5f7</run_address>
         <size>0x34</size>
         <input_file_ref idref="fl-35"/>
      </object_component>
      <object_component id="oc-fd">
         <name>.debug_line</name>
         <load_address>0x62b</load_address>
         <run_address>0x62b</run_address>
         <size>0x72</size>
         <input_file_ref idref="fl-35"/>
      </object_component>
      <object_component id="oc-10a">
         <name>.debug_line</name>
         <load_address>0x69d</load_address>
         <run_address>0x69d</run_address>
         <size>0x40</size>
         <input_file_ref idref="fl-36"/>
      </object_component>
      <object_component id="oc-157">
         <name>.debug_line</name>
         <load_address>0x6dd</load_address>
         <run_address>0x6dd</run_address>
         <size>0x7b</size>
         <input_file_ref idref="fl-37"/>
      </object_component>
      <object_component id="oc-e2">
         <name>.debug_line</name>
         <load_address>0x758</load_address>
         <run_address>0x758</run_address>
         <size>0x3a</size>
         <input_file_ref idref="fl-37"/>
      </object_component>
      <object_component id="oc-cd">
         <name>.debug_line</name>
         <load_address>0x792</load_address>
         <run_address>0x792</run_address>
         <size>0x4a</size>
         <input_file_ref idref="fl-37"/>
      </object_component>
      <object_component id="oc-b1">
         <name>.debug_line</name>
         <load_address>0x7dc</load_address>
         <run_address>0x7dc</run_address>
         <size>0x3c</size>
         <input_file_ref idref="fl-45"/>
      </object_component>
      <object_component id="oc-136">
         <name>.debug_line</name>
         <load_address>0x818</load_address>
         <run_address>0x818</run_address>
         <size>0x20</size>
         <input_file_ref idref="fl-46"/>
      </object_component>
      <object_component id="oc-95">
         <name>.debug_line</name>
         <load_address>0x838</load_address>
         <run_address>0x838</run_address>
         <size>0x45</size>
         <input_file_ref idref="fl-46"/>
      </object_component>
      <object_component id="oc-bd">
         <name>.debug_line</name>
         <load_address>0x87d</load_address>
         <run_address>0x87d</run_address>
         <size>0x3e</size>
         <input_file_ref idref="fl-48"/>
      </object_component>
      <object_component id="oc-1aa">
         <name>.debug_line</name>
         <load_address>0x8bb</load_address>
         <run_address>0x8bb</run_address>
         <size>0xce</size>
         <input_file_ref idref="fl-49"/>
      </object_component>
      <object_component id="oc-163">
         <name>.debug_line</name>
         <load_address>0x989</load_address>
         <run_address>0x989</run_address>
         <size>0x3c</size>
         <input_file_ref idref="fl-49"/>
      </object_component>
      <object_component id="oc-15c">
         <name>.debug_line</name>
         <load_address>0x9c5</load_address>
         <run_address>0x9c5</run_address>
         <size>0x3c</size>
         <input_file_ref idref="fl-49"/>
      </object_component>
      <object_component id="oc-127">
         <name>.debug_line</name>
         <load_address>0xa01</load_address>
         <run_address>0xa01</run_address>
         <size>0x49</size>
         <input_file_ref idref="fl-49"/>
      </object_component>
      <object_component id="oc-1ae">
         <name>.debug_line</name>
         <load_address>0xa4a</load_address>
         <run_address>0xa4a</run_address>
         <size>0x71</size>
         <input_file_ref idref="fl-49"/>
      </object_component>
      <object_component id="oc-176">
         <name>.debug_line</name>
         <load_address>0xabb</load_address>
         <run_address>0xabb</run_address>
         <size>0x20</size>
         <input_file_ref idref="fl-4a"/>
      </object_component>
      <object_component id="oc-14d">
         <name>.debug_line</name>
         <load_address>0xadb</load_address>
         <run_address>0xadb</run_address>
         <size>0x2b</size>
[...]
         <name>__TI_int03</name>
         <value>0xffe6</value>
         <object_component_ref idref="oc-3f"/>
      </symbol>
      <symbol id="sm-159">
         <name>__TI_int05</name>
         <value>0xffea</value>
         <object_component_ref idref="oc-40"/>
      </symbol>
      <symbol id="sm-15c">
         <name>__TI_int06</name>
         <value>0xffec</value>
         <object_component_ref idref="oc-41"/>
      </symbol>
      <symbol id="sm-15f">
         <name>__TI_int07</name>
         <value>0xffee</value>
         <object_component_ref idref="oc-42"/>
      </symbol>
      <symbol id="sm-162">
         <name>__TI_int08</name>
         <value>0xfff0</value>
         <object_component_ref idref="oc-43"/>
      </symbol>
      <symbol id="sm-165">
         <name>__TI_int09</name>
         <value>0xfff2</value>
         <object_component_ref idref="oc-44"/>
      </symbol>
      <symbol id="sm-168">
         <name>__TI_int10</name>
         <value>0xfff4</value>
         <object_component_ref idref="oc-45"/>
      </symbol>
      <symbol id="sm-16b">
         <name>__TI_int11</name>
         <value>0xfff6</value>
         <object_component_ref idref="oc-46"/>
      </symbol>
      <symbol id="sm-16e">
         <name>__TI_int12</name>
         <value>0xfff8</value>
         <object_component_ref idref="oc-47"/>
      </symbol>
      <symbol id="sm-171">
         <name>__TI_int13</name>
         <value>0xfffa</value>
         <object_component_ref idref="oc-48"/>
      </symbol>
      <symbol id="sm-174">
         <name>__TI_int14</name>
         <value>0xfffc</value>
         <object_component_ref idref="oc-49"/>
      </symbol>
      <symbol id="sm-17c">
         <name>__TI_ISR_TRAP</name>
         <value>0xd0c8</value>
         <object_component_ref idref="oc-ad"/>
      </symbol>
      <symbol id="sm-18a">
         <name>memcpy</name>
         <value>0xd088</value>
         <object_component_ref idref="oc-93"/>
      </symbol>
      <symbol id="sm-194">
         <name>_system_pre_init</name>
         <value>0xd0de</value>
         <object_component_ref idref="oc-b9"/>
      </symbol>
      <symbol id="sm-1b7">
         <name>printf</name>
         <value>0xcd38</value>
         <object_component_ref idref="oc-126"/>
      </symbol>
      <symbol id="sm-1cd">
         <name>_nop</name>
         <value>0xd0e6</value>
         <object_component_ref idref="oc-146"/>
      </symbol>
      <symbol id="sm-1ce">
         <name>_lock</name>
         <value>0xf2</value>
         <object_component_ref idref="oc-116"/>
      </symbol>
      <symbol id="sm-1cf">
         <name>_unlock</name>
         <value>0xf4</value>
         <object_component_ref idref="oc-11f"/>
      </symbol>
      <symbol id="sm-23b">
         <name>__TI_printfi_minimal</name>
         <value>0xc2d0</value>
         <object_component_ref idref="oc-167"/>
      </symbol>
      <symbol id="sm-254">
         <name>_auto_init</name>
         <value>0xc9ee</value>
         <object_component_ref idref="oc-bf"/>
      </symbol>
      <symbol id="sm-264">
         <name>__TI_tmpnams</name>
         <value>0x320</value>
      </symbol>
      <symbol id="sm-265">
         <name>_ftable</name>
         <value>0x0</value>
         <object_component_ref idref="oc-158"/>
      </symbol>
      <symbol id="sm-266">
         <name>__TI_ft_end</name>
         <value>0xf6</value>
         <object_component_ref idref="oc-280"/>
      </symbol>
      <symbol id="sm-270">
         <name>__mspabi_remu</name>
         <value>0xd010</value>
         <object_component_ref idref="oc-2b7"/>
      </symbol>
      <symbol id="sm-271">
         <name>__mspabi_divu</name>
         <value>0xd010</value>
         <object_component_ref idref="oc-2b7"/>
      </symbol>
      <symbol id="sm-284">
         <name>putc</name>
         <value>0xc448</value>
         <object_component_ref idref="oc-184"/>
      </symbol>
      <symbol id="sm-285">
         <name>fputc</name>
         <value>0xc448</value>
         <object_component_ref idref="oc-184"/>
      </symbol>
      <symbol id="sm-29d">
         <name>fputs</name>
         <value>0xc116</value>
         <object_component_ref idref="oc-17d"/>
      </symbol>
      <symbol id="sm-2f2">
         <name>lseek</name>
         <value>0xcf46</value>
         <object_component_ref idref="oc-222"/>
      </symbol>
      <symbol id="sm-2f3">
         <name>write</name>
         <value>0xcf6c</value>
         <object_component_ref idref="oc-1c4"/>
      </symbol>
      <symbol id="sm-2f4">
         <name>close</name>
         <value>0xcbe6</value>
         <object_component_ref idref="oc-2c3"/>
      </symbol>
      <symbol id="sm-2f5">
         <name>unlink</name>
         <value>0xcf1e</value>
         <object_component_ref idref="oc-2cf"/>
      </symbol>
      <symbol id="sm-2fd">
         <name>__mspabi_srli_8</name>
         <value>0xcbc4</value>
         <object_component_ref idref="oc-2b2"/>
      </symbol>
      <symbol id="sm-2fe">
         <name>__mspabi_srli_9</name>
         <value>0xcbc0</value>
         <object_component_ref idref="oc-2b2"/>
      </symbol>
      <symbol id="sm-2ff">
         <name>__mspabi_srli_6</name>
         <value>0xcbcc</value>
         <object_component_ref idref="oc-2b2"/>
      </symbol>
      <symbol id="sm-300">
         <name>__mspabi_srli_7</name>
         <value>0xcbc8</value>
         <object_component_ref idref="oc-2b2"/>
      </symbol>
      <symbol id="sm-301">
         <name>__mspabi_srli_4</name>
         <value>0xcbd4</value>
         <object_component_ref idref="oc-2b2"/>
      </symbol>
      <symbol id="sm-302">
         <name>__mspabi_srli_5</name>
         <value>0xcbd0</value>
         <object_component_ref idref="oc-2b2"/>
      </symbol>
      <symbol id="sm-303">
         <name>__mspabi_srli_2</name>
         <value>0xcbdc</value>
         <object_component_ref idref="oc-2b2"/>
      </symbol>
      <symbol id="sm-304">
         <name>__mspabi_srli_3</name>
         <value>0xcbd8</value>
         <object_component_ref idref="oc-2b2"/>
      </symbol>
      <symbol id="sm-305">
         <name>__mspabi_srli_1</name>
         <value>0xcbe0</value>
         <object_component_ref idref="oc-2b2"/>
      </symbol>
      <symbol id="sm-306">
         <name>__mspabi_srli</name>
         <value>0xcb9a</value>
         <object_component_ref idref="oc-2b2"/>
      </symbol>
      <symbol id="sm-307">
         <name>__mspabi_srli_15</name>
         <value>0xcba8</value>
         <object_component_ref idref="oc-2b2"/>
      </symbol>
      <symbol id="sm-308">
         <name>__mspabi_srli_14</name>
         <value>0xcbac</value>
         <object_component_ref idref="oc-2b2"/>
      </symbol>
      <symbol id="sm-309">
         <name>__mspabi_srli_13</name>
         <value>0xcbb0</value>
         <object_component_ref idref="oc-2b2"/>
      </symbol>
      <symbol id="sm-30a">
         <name>__mspabi_srli_12</name>
         <value>0xcbb4</value>
         <object_component_ref idref="oc-2b2"/>
      </symbol>
      <symbol id="sm-30b">
         <name>__mspabi_srli_11</name>
         <value>0xcbb8</value>
         <object_component_ref idref="oc-2b2"/>
      </symbol>
      <symbol id="sm-30c">
         <name>__mspabi_srli_10</name>
         <value>0xcbbc</value>
         <object_component_ref idref="oc-2b2"/>
      </symbol>
      <symbol id="sm-31b">
         <name>memccpy</name>
         <value>0xcfac</value>
         <object_component_ref idref="oc-1dd"/>
      </symbol>
      <symbol id="sm-32a">
         <name>memchr</name>
         <value>0xd03a</value>
         <object_component_ref idref="oc-1b8"/>
      </symbol>
      <symbol id="sm-338">
         <name>memset</name>
         <value>0xd04e</value>
         <object_component_ref idref="oc-1d0"/>
      </symbol>
      <symbol id="sm-342">
         <name>__mspabi_mpyi_sw</name>
         <value>0xd062</value>
         <object_component_ref idref="oc-263"/>
      </symbol>
      <symbol id="sm-343">
         <name>__mspabi_mpyi</name>
         <value>0xd062</value>
         <object_component_ref idref="oc-263"/>
      </symbol>
      <symbol id="sm-352">
         <name>strchr</name>
         <value>0xcfc6</value>
         <object_component_ref idref="oc-318"/>
      </symbol>
      <symbol id="sm-360">
         <name>strcmp</name>
         <value>0xcff8</value>
         <object_component_ref idref="oc-335"/>
      </symbol>
      <symbol id="sm-36d">
         <name>strlen</name>
         <value>0xd0ba</value>
         <object_component_ref idref="oc-18b"/>
      </symbol>
      <symbol id="sm-37d">
         <name>strncpy</name>
         <value>0xcec8</value>
         <object_component_ref idref="oc-31e"/>
      </symbol>
      <symbol id="sm-3b8">
         <name>HOSTrename</name>
         <value>0xc740</value>
         <object_component_ref idref="oc-2aa"/>
      </symbol>
      <symbol id="sm-3b9">
         <name>HOSTclose</name>
         <value>0xcc78</value>
         <object_component_ref idref="oc-28c"/>
      </symbol>
      <symbol id="sm-3ba">
         <name>HOSTunlink</name>
         <value>0xccba</value>
         <object_component_ref idref="oc-2a4"/>
      </symbol>
      <symbol id="sm-3bb">
         <name>HOSTlseek</name>
         <value>0xc4d8</value>
         <object_component_ref idref="oc-29e"/>
      </symbol>
      <symbol id="sm-3bc">
         <name>HOSTopen</name>
         <value>0xc7aa</value>
         <object_component_ref idref="oc-286"/>
      </symbol>
      <symbol id="sm-3bd">
         <name>HOSTwrite</name>
         <value>0xc8d4</value>
         <object_component_ref idref="oc-298"/>
      </symbol>
      <symbol id="sm-3be">
         <name>HOSTread</name>
         <value>0xc934</value>
         <object_component_ref idref="oc-292"/>
      </symbol>
      <symbol id="sm-3dc">
         <name>__TI_readmsg</name>
         <value>0xce70</value>
         <object_component_ref idref="oc-2e2"/>
      </symbol>
      <symbol id="sm-3dd">
         <name>C$$IO$$</name>
         <value>0xce3e</value>
         <object_component_ref idref="oc-2dc"/>
      </symbol>
      <symbol id="sm-3de">
         <name>_CIOBUF_</name>
         <value>0x200</value>
         <object_component_ref idref="oc-30e"/>
      </symbol>
      <symbol id="sm-3df">
         <name>__TI_writemsg</name>
         <value>0xce14</value>
         <object_component_ref idref="oc-2dc"/>
      </symbol>
      <symbol id="sm-3f7">
         <name>__TI_wrt_ok</name>
         <value>0xc5e4</value>
         <object_component_ref idref="oc-1b2"/>
      </symbol>
      <symbol id="sm-408">
         <name>__TI_doflush</name>
         <value>0xc872</value>
         <object_component_ref idref="oc-1be"/>
      </symbol>
      <symbol id="sm-418">
         <name>fseek</name>
         <value>0xc6d0</value>
         <object_component_ref idref="oc-1ed"/>
      </symbol>
      <symbol id="sm-420">
         <name>__mspabi_slll_9</name>
         <value>0xcd12</value>
         <object_component_ref idref="oc-2f1"/>
      </symbol>
      <symbol id="sm-421">
         <name>__mspabi_slll_8</name>
         <value>0xcd16</value>
         <object_component_ref idref="oc-2f1"/>
      </symbol>
      <symbol id="sm-422">
         <name>__mspabi_slll_7</name>
         <value>0xcd1a</value>
         <object_component_ref idref="oc-2f1"/>
      </symbol>
      <symbol id="sm-423">
         <name>__mspabi_slll_6</name>
         <value>0xcd1e</value>
         <object_component_ref idref="oc-2f1"/>
      </symbol>
      <symbol id="sm-424">
         <name>__mspabi_slll_5</name>
         <value>0xcd22</value>
         <object_component_ref idref="oc-2f1"/>
      </symbol>
      <symbol id="sm-425">
         <name>__mspabi_slll_4</name>
         <value>0xcd26</value>
         <object_component_ref idref="oc-2f1"/>
      </symbol>
      <symbol id="sm-426">
         <name>__mspabi_slll_3</name>
         <value>0xcd2a</value>
         <object_component_ref idref="oc-2f1"/>
      </symbol>
      <symbol id="sm-427">
         <name>__mspabi_slll_2</name>
         <value>0xcd2e</value>
         <object_component_ref idref="oc-2f1"/>
      </symbol>
      <symbol id="sm-428">
         <name>__mspabi_slll_1</name>
         <value>0xcd32</value>
         <object_component_ref idref="oc-2f1"/>
      </symbol>
      <symbol id="sm-429">
         <name>__mspabi_slll_15</name>
         <value>0xccfa</value>
         <object_component_ref idref="oc-2f1"/>
      </symbol>
      <symbol id="sm-42a">
         <name>__mspabi_slll_14</name>
         <value>0xccfe</value>
         <object_component_ref idref="oc-2f1"/>
      </symbol>
      <symbol id="sm-42b">
         <name>__mspabi_slll_13</name>
         <value>0xcd02</value>
         <object_component_ref idref="oc-2f1"/>
      </symbol>
      <symbol id="sm-42c">
         <name>__mspabi_slll_12</name>
         <value>0xcd06</value>
         <object_component_ref idref="oc-2f1"/>
      </symbol>
      <symbol id="sm-42d">
         <name>__mspabi_slll_11</name>
         <value>0xcd0a</value>
         <object_component_ref idref="oc-2f1"/>
      </symbol>
      <symbol id="sm-42e">
         <name>__mspabi_slll_10</name>
         <value>0xcd0e</value>
         <object_component_ref idref="oc-2f1"/>
      </symbol>
      <symbol id="sm-436">
         <name>__mspabi_srll_8</name>
         <value>0xc9bc</value>
         <object_component_ref idref="oc-2ec"/>
      </symbol>
      <symbol id="sm-437">
         <name>__mspabi_srll_9</name>
         <value>0xc9b6</value>
         <object_component_ref idref="oc-2ec"/>
      </symbol>
      <symbol id="sm-438">
         <name>__mspabi_srll_6</name>
         <value>0xc9c8</value>
         <object_component_ref idref="oc-2ec"/>
      </symbol>
      <symbol id="sm-439">
         <name>__mspabi_srll_7</name>
         <value>0xc9c2</value>
         <object_component_ref idref="oc-2ec"/>
      </symbol>
      <symbol id="sm-43a">
         <name>__mspabi_srll_4</name>
         <value>0xc9d4</value>
         <object_component_ref idref="oc-2ec"/>
      </symbol>
      <symbol id="sm-43b">
         <name>__mspabi_srll_5</name>
         <value>0xc9ce</value>
         <object_component_ref idref="oc-2ec"/>
      </symbol>
      <symbol id="sm-43c">
         <name>__mspabi_srll_2</name>
         <value>0xc9e0</value>
         <object_component_ref idref="oc-2ec"/>
      </symbol>
      <symbol id="sm-43d">
         <name>__mspabi_srll_3</name>
         <value>0xc9da</value>
         <object_component_ref idref="oc-2ec"/>
      </symbol>
      <symbol id="sm-43e">
         <name>__mspabi_srll_1</name>
         <value>0xc9e6</value>
         <object_component_ref idref="oc-2ec"/>
      </symbol>
      <symbol id="sm-43f">
         <name>__mspabi_srll_15</name>
         <value>0xc992</value>
         <object_component_ref idref="oc-2ec"/>
      </symbol>
      <symbol id="sm-440">
         <name>__mspabi_srll_14</name>
         <value>0xc998</value>
         <object_component_ref idref="oc-2ec"/>
      </symbol>
      <symbol id="sm-441">
         <name>__mspabi_srll_13</name>
         <value>0xc99e</value>
         <object_component_ref idref="oc-2ec"/>
      </symbol>
      <symbol id="sm-442">
         <name>__mspabi_srll_12</name>
         <value>0xc9a4</value>
         <object_component_ref idref="oc-2ec"/>
      </symbol>
      <symbol id="sm-443">
         <name>__mspabi_srll_11</name>
         <value>0xc9aa</value>
         <object_component_ref idref="oc-2ec"/>
      </symbol>
      <symbol id="sm-444">
         <name>__mspabi_srll_10</name>
         <value>0xc9b0</value>
         <object_component_ref idref="oc-2ec"/>
      </symbol>
      <symbol id="sm-45c">
         <name>setvbuf</name>
         <value>0xc200</value>
         <object_component_ref idref="oc-1f3"/>
      </symbol>
      <symbol id="sm-469">
         <name>strcpy</name>
         <value>0xd0aa</value>
         <object_component_ref idref="oc-2f8"/>
      </symbol>
      <symbol id="sm-475">
         <name>__TI_cleanup</name>
         <value>0xcdac</value>
         <object_component_ref idref="oc-236"/>
      </symbol>
      <symbol id="sm-4c2">
         <name>_sys_memory</name>
         <value>0x0</value>
         <object_component_ref idref="oc-90"/>
      </symbol>
      <symbol id="sm-4c3">
         <name>free</name>
         <value>0xc564</value>
         <object_component_ref idref="oc-22a"/>
      </symbol>
      <symbol id="sm-4c4">
         <name>malloc</name>
         <value>0xc39a</value>
         <object_component_ref idref="oc-230"/>
      </symbol>
      <symbol id="sm-4c5">
         <name>minit</name>
         <value>0xcd74</value>
         <object_component_ref idref="oc-273"/>
      </symbol>
      <symbol id="sm-4d5">
         <name>__TI_closefile</name>
         <value>0xc65e</value>
         <object_component_ref idref="oc-27a"/>
      </symbol>
      <symbol id="sm-4dd">
         <name>__mspabi_slli</name>
         <value>0xce9c</value>
         <object_component_ref idref="oc-2c9"/>
      </symbol>
      <symbol id="sm-4de">
         <name>__mspabi_slli_9</name>
         <value>0xceb4</value>
         <object_component_ref idref="oc-2c9"/>
      </symbol>
      <symbol id="sm-4df">
         <name>__mspabi_slli_8</name>
         <value>0xceb6</value>
         <object_component_ref idref="oc-2c9"/>
      </symbol>
      <symbol id="sm-4e0">
         <name>__mspabi_slli_7</name>
         <value>0xceb8</value>
         <object_component_ref idref="oc-2c9"/>
      </symbol>
      <symbol id="sm-4e1">
         <name>__mspabi_slli_6</name>
         <value>0xceba</value>
         <object_component_ref idref="oc-2c9"/>
      </symbol>
      <symbol id="sm-4e2">
         <name>__mspabi_slli_5</name>
         <value>0xcebc</value>
         <object_component_ref idref="oc-2c9"/>
      </symbol>
      <symbol id="sm-4e3">
         <name>__mspabi_slli_4</name>
         <value>0xcebe</value>
         <object_component_ref idref="oc-2c9"/>
      </symbol>
      <symbol id="sm-4e4">
         <name>__mspabi_slli_3</name>
         <value>0xcec0</value>
         <object_component_ref idref="oc-2c9"/>
      </symbol>
      <symbol id="sm-4e5">
         <name>__mspabi_slli_2</name>
         <value>0xcec2</value>
         <object_component_ref idref="oc-2c9"/>
      </symbol>
      <symbol id="sm-4e6">
         <name>__mspabi_slli_1</name>
         <value>0xcec4</value>
         <object_component_ref idref="oc-2c9"/>
      </symbol>
      <symbol id="sm-4e7">
         <name>__mspabi_slli_15</name>
         <value>0xcea8</value>
         <object_component_ref idref="oc-2c9"/>
      </symbol>
      <symbol id="sm-4e8">
         <name>__mspabi_slli_14</name>
         <value>0xceaa</value>
         <object_component_ref idref="oc-2c9"/>
      </symbol>
      <symbol id="sm-4e9">
         <name>__mspabi_slli_13</name>
         <value>0xceac</value>
         <object_component_ref idref="oc-2c9"/>
      </symbol>
      <symbol id="sm-4ea">
         <name>__mspabi_slli_12</name>
         <value>0xceae</value>
         <object_component_ref idref="oc-2c9"/>
      </symbol>
      <symbol id="sm-4eb">
         <name>__mspabi_slli_11</name>
         <value>0xceb0</value>
         <object_component_ref idref="oc-2c9"/>
      </symbol>
      <symbol id="sm-4ec">
         <name>__mspabi_slli_10</name>
         <value>0xceb2</value>
         <object_component_ref idref="oc-2c9"/>
      </symbol>
      <symbol id="sm-4ef">
         <name>__TI_INITARRAY_Base</name>
         <value>0x0</value>
      </symbol>
      <symbol id="sm-4f0">
         <name>__TI_INITARRAY_Limit</name>
         <value>0x0</value>
      </symbol>
      <symbol id="sm-4f1">
         <name>remove</name>
         <value>0xcf1e</value>
      </symbol>
   </symbol_table>
   <title>Link errors: red sections failed placement,available memory ranges in purple</title>
</link_info>
