******************************************************************************
                  MSP430 Linker PC v4.4.3                      
******************************************************************************
>> Linked Wed Apr 15 18:28:04 2015

OUTPUT FILE NAME:   <lab3.out>
ENTRY POINT SYMBOL: "_c_int00_noargs"  address: 0000cf90


MEMORY CONFIGURATION

         name            origin    length      used     unused   attr    fill
----------------------  --------  ---------  --------  --------  ----  --------
  SFR                   00000000   00000010  00000000  00000010  RWIX
  PERIPHERALS_8BIT      00000010   000000f0  00000000  000000f0  RWIX
  PERIPHERALS_16BIT     00000100   00000100  00000000  00000100  RWIX
  RAM                   00000200   00000200  000001ce  00000032  RWIX
  INFOD                 00001000   00000040  00000000  00000040  RWIX
  INFOC                 00001040   00000040  00000000  00000040  RWIX
  INFOB                 00001080   00000040  00000000  00000040  RWIX
  INFOA                 000010c0   00000040  00000000  00000040  RWIX
  FLASH                 0000c000   00003fe0  00001150  00002e90  RWIX
  INT00                 0000ffe0   00000002  00000002  00000000  RWIX
  INT01                 0000ffe2   00000002  00000000  00000002  RWIX
  INT02                 0000ffe4   00000002  00000002  00000000  RWIX
  INT03                 0000ffe6   00000002  00000002  00000000  RWIX
  INT04                 0000ffe8   00000002  00000000  00000002  RWIX
  INT05                 0000ffea   00000002  00000002  00000000  RWIX
  INT06                 0000ffec   00000002  00000002  00000000  RWIX
  INT07                 0000ffee   00000002  00000002  00000000  RWIX
  INT08                 0000fff0   00000002  00000002  00000000  RWIX
  INT09                 0000fff2   00000002  00000002  00000000  RWIX
  INT10                 0000fff4   00000002  00000002  00000000  RWIX
  INT11                 0000fff6   00000002  00000002  00000000  RWIX
  INT12                 0000fff8   00000002  00000002  00000000  RWIX
  INT13                 0000fffa   00000002  00000002  00000000  RWIX
  INT14                 0000fffc   00000002  00000002  00000000  RWIX
  RESET                 0000fffe   00000002  00000002  00000000  RWIX


SECTION ALLOCATION MAP

 output                                  attributes/
section   page    origin      length       input sections
--------  ----  ----------  ----------   ----------------
.data      0    00000000    000000fa     FAILED TO ALLOCATE
.sysmem    0    00000000    00000050     FAILED TO ALLOCATE
.stack     0    00000000    00000050     FAILED TO ALLOCATE
.TI.persistent 
*          0    00000000    00000000     FAILED TO ALLOCATE
.cio       0    00000200    00000120     UNINITIALIZED
                  00000200    00000120     rts430_eabi.lib : trgmsg.obj (.cio)

.bss       0    00000320    000000ae     UNINITIALIZED
                  00000320    000000a0     (.common:__TI_tmpnams)
                  000003c0    00000008     (.common:parmbuf)
                  000003c8    00000002     (.common:memsize)
                  000003ca    00000002     (.common:sys_base)
                  000003cc    00000002     (.common:sys_free)

.text      0    0000c000    000010e8     
                  0000c000    00000116     rts430_eabi.lib : _printfi_min.obj (.text:_setfield)
                  0000c116    000000ea                     : fputs.obj (.text:fputs)
                  0000c200    000000d0                     : setvbuf.obj (.text:setvbuf)
                  0000c2d0    000000ca                     : _printfi_min.obj (.text:__TI_printfi_minimal)
                  0000c39a    000000ae                     : memory.obj (.text:malloc)
                  0000c448    00000090                     : fputc.obj (.text:fputc)
                  0000c4d8    0000008c                     : trgdrv.obj (.text:HOSTlseek)
                  0000c564    00000080                     : memory.obj (.text:free)
                  0000c5e4    0000007a                     : _io_perm.obj (.text:__TI_wrt_ok)
                  0000c65e    00000072                     : fclose.obj (.text:__TI_closefile)
                  0000c6d0    00000070                     : fseek.obj (.text:fseek)
                  0000c740    0000006a                     : trgdrv.obj (.text:HOSTrename)
                  0000c7aa    00000064                     : trgdrv.obj (.text:HOSTopen)
                  0000c80e    00000064                     : copy_decompress_rle.obj (.text:__TI_decompress_rle_core)
                  0000c872    00000062                     : fflush.obj (.text:__TI_doflush)
                  0000c8d4    00000060                     : trgdrv.obj (.text:HOSTwrite)
                  0000c934    0000005e                     : trgdrv.obj (.text:HOSTread)
                  0000c992    0000005c                     : lsr32.obj (.text:l_lsr_const)
                  0000c9ee    00000058                     : autoinit.obj (.text:_auto_init)
                  0000ca46    00000058                     : lowlev.obj (.text:getdevice)
                  0000ca9e    00000058     main.obj (.text:main)
                  0000caf6    00000056     rts430_eabi.lib : _printfi_min.obj (.text:_ltostr)
                  0000cb4c    0000004e                     : _printfi_min.obj (.text:_pproc_diouxp)
                  0000cb9a    0000004c                     : lsr16.obj (.text)
                  0000cbe6    0000004a                     : lowlev.obj (.text:close)
                  0000cc30    00000048                     : _printfi_min.obj (.text:_pproc_str)
                  0000cc78    00000042                     : trgdrv.obj (.text:HOSTclose)
                  0000ccba    00000040                     : trgdrv.obj (.text:HOSTunlink)
                  0000ccfa    0000003e                     : lsl32.obj (.text:l_lsl_const)
                  0000cd38    0000003c                     : printf.obj (.text:printf)
                  0000cd74    00000038                     : memory.obj (.text:minit)
                  0000cdac    00000034                     : fopen.obj (.text:__TI_cleanup)
                  0000cde0    00000034                     : lowlev.obj (.text:finddevice)
                  0000ce14    0000002e                     : trgmsg.obj (.text:__TI_writemsg)
                  0000ce42    0000002e                     : _printfi_min.obj (.text:_getarg_diouxp)
                  0000ce70    0000002c                     : trgmsg.obj (.text:__TI_readmsg)
                  0000ce9c    0000002c                     : lsl16.obj (.text)
                  0000cec8    0000002c                     : strncpy.obj (.text:strncpy)
                  0000cef4    0000002a                     : exit.obj (.text:exit)
                  0000cf1e    00000028                     : lowlev.obj (.text:unlink)
                  0000cf46    00000026                     : lowlev.obj (.text:lseek)
                  0000cf6c    00000024                     : lowlev.obj (.text:write)
                  0000cf90    0000001c                     : boot_special.obj (.text:_c_int00_noargs)
                  0000cfac    0000001a                     : memccpy.obj (.text:memccpy)
                  0000cfc6    0000001a                     : strchr.obj (.text:strchr)
                  0000cfe0    00000018                     : _printfi_min.obj (.text:_div)
                  0000cff8    00000018                     : strcmp.obj (.text:strcmp)
                  0000d010    00000016                     : div16u.obj (.text)
                  0000d026    00000014                     : copy_zero_init.obj (.text:decompress:ZI:__TI_zero_init)
                  0000d03a    00000014                     : memchr.obj (.text:memchr)
                  0000d04e    00000014                     : memset.obj (.text:memset)
                  0000d062    00000014                     : mult16.obj (.text)
                  0000d076    00000012                     : copy_decompress_none.obj (.text:decompress:none:__TI_decompress_none)
                  0000d088    00000012                     : memcpy.obj (.text:memcpy)
                  0000d09a    00000010                     : epilog.obj (.text)
                  0000d0aa    00000010                     : strcpy.obj (.text:strcpy)
                  0000d0ba    0000000e                     : strlen.obj (.text:strlen)
                  0000d0c8    00000006                     : isr_trap.obj (.text:_isr:__TI_ISR_TRAP)
                  0000d0ce    00000006                     : printf.obj (.text:_outc)
                  0000d0d4    00000006                     : copy_decompress_rle.obj (.text:decompress:rle24:__TI_decompress_rle24)
                  0000d0da    00000004                     : printf.obj (.text:_outs)
                  0000d0de    00000004                     : pre_init.obj (.text:_system_pre_init)
                  0000d0e2    00000004                     : exit.obj (.text:abort)
                  0000d0e6    00000002                     : _lock.obj (.text:_nop)

.const     0    0000d0e8    00000024     
                  0000d0e8    00000014     rts430_eabi.lib : _printfi_min.obj (.const:.string)
                  0000d0fc    00000010     main.obj (.const:.string)

.cinit     0    0000d10c    00000044     
                  0000d10c    00000029     (.cinit..data.load) [load image, compression = rle]
                  0000d135    00000001     --HOLE-- [fill = 0]
                  0000d136    00000006     (__TI_handler_table)
                  0000d13c    00000004     (.cinit..bss.load) [load image, compression = zero_init]
                  0000d140    00000004     (.cinit..cio.load) [load image, compression = zero_init]
                  0000d144    0000000c     (__TI_cinit_table)

.init_array 
*          0    0000c000    00000000     UNINITIALIZED

TRAPINT    0    0000ffe0    00000002     
                  0000ffe0    00000002     rts430_eabi.lib : int00.obj (.int00)

PORT1      0    0000ffe4    00000002     
                  0000ffe4    00000002     rts430_eabi.lib : int02.obj (.int02)

PORT2      0    0000ffe6    00000002     
                  0000ffe6    00000002     rts430_eabi.lib : int03.obj (.int03)

ADC10      0    0000ffea    00000002     
                  0000ffea    00000002     rts430_eabi.lib : int05.obj (.int05)

USCIAB0TX 
*          0    0000ffec    00000002     
                  0000ffec    00000002     rts430_eabi.lib : int06.obj (.int06)

USCIAB0RX 
*          0    0000ffee    00000002     
                  0000ffee    00000002     rts430_eabi.lib : int07.obj (.int07)

TIMER0_A1 
*          0    0000fff0    00000002     
                  0000fff0    00000002     rts430_eabi.lib : int08.obj (.int08)

TIMER0_A0 
*          0    0000fff2    00000002     
                  0000fff2    00000002     rts430_eabi.lib : int09.obj (.int09)

WDT        0    0000fff4    00000002     
                  0000fff4    00000002     rts430_eabi.lib : int10.obj (.int10)

COMPARATORA 
*          0    0000fff6    00000002     
                  0000fff6    00000002     rts430_eabi.lib : int11.obj (.int11)

TIMER1_A1 
*          0    0000fff8    00000002     
                  0000fff8    00000002     rts430_eabi.lib : int12.obj (.int12)

TIMER1_A0 
*          0    0000fffa    00000002     
                  0000fffa    00000002     rts430_eabi.lib : int13.obj (.int13)

NMI        0    0000fffc    00000002     
                  0000fffc    00000002     rts430_eabi.lib : int14.obj (.int14)

.reset     0    0000fffe    00000002     
                  0000fffe    00000002     rts430_eabi.lib : boot.obj (.reset)


LINKER GENERATED COPY TABLES

__TI_cinit_table @ 0000d144 records: 3, size/record: 4, table size: 12
	.data: load addr=0000d10c, load size=00000029 bytes, run addr=00000000, run size=000000fa bytes, compression=rle
	.bss: load addr=0000d13c, load size=00000004 bytes, run addr=00000320, run size=000000ae bytes, compression=zero_init
	.cio: load addr=0000d140, load size=00000004 bytes, run addr=00000200, run size=00000120 bytes, compression=zero_init


LINKER GENERATED HANDLER TABLE

__TI_handler_table @ 0000d136 records: 3, size/record: 2, table size: 6
	index: 0, handler: __TI_zero_init
	index: 1, handler: __TI_decompress_rle24
	index: 2, handler: __TI_decompress_none


GLOBAL SYMBOLS: SORTED ALPHABETICALLY BY Name 

address   name                    
-------   ----                    
0000004a  ADC10AE0                
000001b0  ADC10CTL0               
000001b2  ADC10CTL1               
00000048  ADC10DTC0               
00000049  ADC10DTC1               
000001b4  ADC10MEM                
000001bc  ADC10SA                 
00000057  BCSCTL1                 
00000058  BCSCTL2                 
00000053  BCSCTL3                 
0000d0e2  C$$EXIT                 
0000ce3e  C$$IO$$                 
00000059  CACTL1                  
0000005a  CACTL2                  
000010fb  CALBC1_12MHZ            
000010f9  CALBC1_16MHZ            
000010ff  CALBC1_1MHZ             
000010fd  CALBC1_8MHZ             
000010fa  CALDCO_12MHZ            
000010f8  CALDCO_16MHZ            
000010fe  CALDCO_1MHZ             
000010fc  CALDCO_8MHZ             
0000005b  CAPD                    
00000056  DCOCTL                  
00000128  FCTL1                   
0000012a  FCTL2                   
0000012c  FCTL3                   
0000cc78  HOSTclose               
0000c4d8  HOSTlseek               
0000c7aa  HOSTopen                
0000c934  HOSTread                
0000c740  HOSTrename              
0000ccba  HOSTunlink              
0000c8d4  HOSTwrite               
00000000  IE1                     
00000001  IE2                     
00000002  IFG1                    
00000003  IFG2                    
00000022  P1DIR                   
00000025  P1IE                    
00000024  P1IES                   
00000023  P1IFG                   
00000020  P1IN                    
00000021  P1OUT                   
00000027  P1REN                   
00000026  P1SEL                   
00000041  P1SEL2                  
0000002a  P2DIR                   
0000002d  P2IE                    
0000002c  P2IES                   
0000002b  P2IFG                   
00000028  P2IN                    
00000029  P2OUT                   
0000002f  P2REN                   
0000002e  P2SEL                   
00000042  P2SEL2                  
0000001a  P3DIR                   
00000018  P3IN                    
00000019  P3OUT                   
00000010  P3REN                   
0000001b  P3SEL                   
00000043  P3SEL2                  
00000172  TA0CCR0                 
00000174  TA0CCR1                 
00000176  TA0CCR2                 
00000162  TA0CCTL0                
00000164  TA0CCTL1                
00000166  TA0CCTL2                
00000160  TA0CTL                  
0000012e  TA0IV                   
00000170  TA0R                    
00000192  TA1CCR0                 
00000194  TA1CCR1                 
00000196  TA1CCR2                 
00000182  TA1CCTL0                
00000184  TA1CCTL1                
00000186  TA1CCTL2                
00000180  TA1CTL                  
0000011e  TA1IV                   
00000190  TA1R                    
000010db  TLV_ADC10_1_LEN         
000010da  TLV_ADC10_1_TAG         
000010c0  TLV_CHECKSUM            
000010f7  TLV_DCO_30_LEN          
000010f6  TLV_DCO_30_TAG          
0000005d  UCA0ABCTL               
00000062  UCA0BR0                 
00000063  UCA0BR1                 
00000060  UCA0CTL0                
00000061  UCA0CTL1                
0000005f  UCA0IRRCTL              
0000005e  UCA0IRTCTL              
00000064  UCA0MCTL                
00000066  UCA0RXBUF               
00000065  UCA0STAT                
00000067  UCA0TXBUF               
0000006a  UCB0BR0                 
0000006b  UCB0BR1                 
00000068  UCB0CTL0                
00000069  UCB0CTL1                
0000006c  UCB0I2CIE               
00000118  UCB0I2COA               
0000011a  UCB0I2CSA               
0000006e  UCB0RXBUF               
0000006d  UCB0STAT                
0000006f  UCB0TXBUF               
00000120  WDTCTL                  
00000200  _CIOBUF_                
00000050  __STACK_END             
00000050  __STACK_SIZE            
00000050  __SYSMEM_SIZE           
0000d144  __TI_CINIT_Base         
0000d150  __TI_CINIT_Limit        
0000d136  __TI_Handler_Table_Base 
0000d13c  __TI_Handler_Table_Limit
UNDEFED   __TI_INITARRAY_Base     
UNDEFED   __TI_INITARRAY_Limit    
0000d0c8  __TI_ISR_TRAP           
0000cdac  __TI_cleanup            
000000ee  __TI_cleanup_ptr        
0000c65e  __TI_closefile          
0000d076  __TI_decompress_none    
0000d0d4  __TI_decompress_rle24   
0000c872  __TI_doflush            
000000f0  __TI_dtors_ptr          
000000f6  __TI_ft_end             
0000ffe0  __TI_int00              
0000ffe4  __TI_int02              
0000ffe6  __TI_int03              
0000ffea  __TI_int05              
0000ffec  __TI_int06              
0000ffee  __TI_int07              
0000fff0  __TI_int08              
0000fff2  __TI_int09              
0000fff4  __TI_int10              
0000fff6  __TI_int11              
0000fff8  __TI_int12              
0000fffa  __TI_int13              
0000fffc  __TI_int14              
0000c2d0  __TI_printfi_minimal    
0000ce70  __TI_readmsg            
00000320  __TI_tmpnams            
0000ce14  __TI_writemsg           
0000c5e4  __TI_wrt_ok             
0000d026  __TI_zero_init          
ffffffff  __binit__               
ffffffff  __c_args__              
0000d010  __mspabi_divu           
0000d0a6  __mspabi_func_epilog_1  
0000d0a4  __mspabi_func_epilog_2  
0000d0a2  __mspabi_func_epilog_3  
0000d0a0  __mspabi_func_epilog_4  
0000d09e  __mspabi_func_epilog_5  
0000d09c  __mspabi_func_epilog_6  
0000d09a  __mspabi_func_epilog_7  
0000d062  __mspabi_mpyi           
0000d062  __mspabi_mpyi_sw        
0000d010  __mspabi_remu           
0000ce9c  __mspabi_slli           
0000cec4  __mspabi_slli_1         
0000ceb2  __mspabi_slli_10        
0000ceb0  __mspabi_slli_11        
0000ceae  __mspabi_slli_12        
0000ceac  __mspabi_slli_13        
0000ceaa  __mspabi_slli_14        
0000cea8  __mspabi_slli_15        
0000cec2  __mspabi_slli_2         
0000cec0  __mspabi_slli_3         
0000cebe  __mspabi_slli_4         
0000cebc  __mspabi_slli_5         
0000ceba  __mspabi_slli_6         
0000ceb8  __mspabi_slli_7         
0000ceb6  __mspabi_slli_8         
0000ceb4  __mspabi_slli_9         
0000cd32  __mspabi_slll_1         
0000cd0e  __mspabi_slll_10        
0000cd0a  __mspabi_slll_11        
0000cd06  __mspabi_slll_12        
0000cd02  __mspabi_slll_13        
0000ccfe  __mspabi_slll_14        
0000ccfa  __mspabi_slll_15        
0000cd2e  __mspabi_slll_2         
0000cd2a  __mspabi_slll_3         
0000cd26  __mspabi_slll_4         
0000cd22  __mspabi_slll_5         
0000cd1e  __mspabi_slll_6         
0000cd1a  __mspabi_slll_7         
0000cd16  __mspabi_slll_8         
0000cd12  __mspabi_slll_9         
0000cb9a  __mspabi_srli           
0000cbe0  __mspabi_srli_1         
0000cbbc  __mspabi_srli_10        
0000cbb8  __mspabi_srli_11        
0000cbb4  __mspabi_srli_12        
0000cbb0  __mspabi_srli_13        
0000cbac  __mspabi_srli_14        
0000cba8  __mspabi_srli_15        
0000cbdc  __mspabi_srli_2         
0000cbd8  __mspabi_srli_3         
0000cbd4  __mspabi_srli_4         
0000cbd0  __mspabi_srli_5         
0000cbcc  __mspabi_srli_6         
0000cbc8  __mspabi_srli_7         
0000cbc4  __mspabi_srli_8         
0000cbc0  __mspabi_srli_9         
0000c9e6  __mspabi_srll_1         
0000c9b0  __mspabi_srll_10        
0000c9aa  __mspabi_srll_11        
0000c9a4  __mspabi_srll_12        
0000c99e  __mspabi_srll_13        
0000c998  __mspabi_srll_14        
0000c992  __mspabi_srll_15        
0000c9e0  __mspabi_srll_2         
0000c9da  __mspabi_srll_3         
0000c9d4  __mspabi_srll_4         
0000c9ce  __mspabi_srll_5         
0000c9c8  __mspabi_srll_6         
0000c9c2  __mspabi_srll_7         
0000c9bc  __mspabi_srll_8         
0000c9b6  __mspabi_srll_9         
0000c9ee  _auto_init              
0000cf90  _c_int00_noargs         
00000000  _ftable                 
000000f2  _lock                   
0000d0e6  _nop                    
0000fffe  _reset_vector           
00000000  _stack                  
00000000  _sys_memory             
0000d0de  _system_pre_init        
000000f4  _unlock                 
0000d0e2  abort                   
ffffffff  binit                   
0000cbe6  close                   
0000cef4  exit                    
0000c448  fputc                   
0000c116  fputs                   
0000c564  free                    
0000c6d0  fseek                   
0000cf46  lseek                   
0000ca9e  main                    
0000c39a  malloc                  
0000cfac  memccpy                 
0000d03a  memchr                  
0000d088  memcpy                  
0000d04e  memset                  
0000cd74  minit                   
0000cd38  printf                  
0000c448  putc                    
0000cf1e  remove                  
0000c200  setvbuf                 
0000cfc6  strchr                  
0000cff8  strcmp                  
0000d0aa  strcpy                  
0000d0ba  strlen                  
0000cec8  strncpy                 
0000cf1e  unlink                  
0000cf6c  write                   


GLOBAL SYMBOLS: SORTED BY Symbol Address 

address   name                    
-------   ----                    
00000000  IE1                     
00000000  _ftable                 
00000000  _stack                  
00000000  _sys_memory             
00000001  IE2                     
00000002  IFG1                    
00000003  IFG2                    
00000010  P3REN                   
00000018  P3IN                    
00000019  P3OUT                   
0000001a  P3DIR                   
0000001b  P3SEL                   
00000020  P1IN                    
00000021  P1OUT                   
00000022  P1DIR                   
00000023  P1IFG                   
00000024  P1IES                   
00000025  P1IE                    
00000026  P1SEL                   
00000027  P1REN                   
00000028  P2IN                    
00000029  P2OUT                   
0000002a  P2DIR                   
0000002b  P2IFG                   
0000002c  P2IES                   
0000002d  P2IE                    
0000002e  P2SEL                   
0000002f  P2REN                   
00000041  P1SEL2                  
00000042  P2SEL2                  
00000043  P3SEL2                  
00000048  ADC10DTC0               
00000049  ADC10DTC1               
0000004a  ADC10AE0                
00000050  __STACK_END             
00000050  __STACK_SIZE            
00000050  __SYSMEM_SIZE           
00000053  BCSCTL3                 
00000056  DCOCTL                  
00000057  BCSCTL1                 
00000058  BCSCTL2                 
00000059  CACTL1                  
0000005a  CACTL2                  
0000005b  CAPD                    
0000005d  UCA0ABCTL               
0000005e  UCA0IRTCTL              
0000005f  UCA0IRRCTL              
00000060  UCA0CTL0                
00000061  UCA0CTL1                
00000062  UCA0BR0                 
00000063  UCA0BR1                 
00000064  UCA0MCTL                
00000065  UCA0STAT                
00000066  UCA0RXBUF               
00000067  UCA0TXBUF               
00000068  UCB0CTL0                
00000069  UCB0CTL1                
0000006a  UCB0BR0                 
0000006b  UCB0BR1                 
0000006c  UCB0I2CIE               
0000006d  UCB0STAT                
0000006e  UCB0RXBUF               
0000006f  UCB0TXBUF               
000000ee  __TI_cleanup_ptr        
000000f0  __TI_dtors_ptr          
000000f2  _lock                   
000000f4  _unlock                 
000000f6  __TI_ft_end             
00000118  UCB0I2COA               
0000011a  UCB0I2CSA               
0000011e  TA1IV                   
00000120  WDTCTL                  
00000128  FCTL1                   
0000012a  FCTL2                   
0000012c  FCTL3                   
0000012e  TA0IV                   
00000160  TA0CTL                  
00000162  TA0CCTL0                
00000164  TA0CCTL1                
00000166  TA0CCTL2                
00000170  TA0R                    
00000172  TA0CCR0                 
00000174  TA0CCR1                 
00000176  TA0CCR2                 
00000180  TA1CTL                  
00000182  TA1CCTL0                
00000184  TA1CCTL1                
00000186  TA1CCTL2                
00000190  TA1R                    
00000192  TA1CCR0                 
00000194  TA1CCR1                 
00000196  TA1CCR2                 
000001b0  ADC10CTL0               
000001b2  ADC10CTL1               
000001b4  ADC10MEM                
000001bc  ADC10SA                 
00000200  _CIOBUF_                
00000320  __TI_tmpnams            
000010c0  TLV_CHECKSUM            
000010da  TLV_ADC10_1_TAG         
000010db  TLV_ADC10_1_LEN         
000010f6  TLV_DCO_30_TAG          
000010f7  TLV_DCO_30_LEN          
000010f8  CALDCO_16MHZ            
000010f9  CALBC1_16MHZ            
000010fa  CALDCO_12MHZ            
000010fb  CALBC1_12MHZ            
000010fc  CALDCO_8MHZ             
000010fd  CALBC1_8MHZ             
000010fe  CALDCO_1MHZ             
000010ff  CALBC1_1MHZ             
0000c116  fputs                   
0000c200  setvbuf                 
0000c2d0  __TI_printfi_minimal    
0000c39a  malloc                  
0000c448  fputc                   
0000c448  putc                    
0000c4d8  HOSTlseek               
0000c564  free                    
0000c5e4  __TI_wrt_ok             
0000c65e  __TI_closefile          
0000c6d0  fseek                   
0000c740  HOSTrename              
0000c7aa  HOSTopen                
0000c872  __TI_doflush            
0000c8d4  HOSTwrite               
0000c934  HOSTread                
0000c992  __mspabi_srll_15        
0000c998  __mspabi_srll_14        
0000c99e  __mspabi_srll_13        
0000c9a4  __mspabi_srll_12        
0000c9aa  __mspabi_srll_11        
0000c9b0  __mspabi_srll_10        
0000c9b6  __mspabi_srll_9         
0000c9bc  __mspabi_srll_8         
0000c9c2  __mspabi_srll_7         
0000c9c8  __mspabi_srll_6         
0000c9ce  __mspabi_srll_5         
0000c9d4  __mspabi_srll_4         
0000c9da  __mspabi_srll_3         
0000c9e0  __mspabi_srll_2         
0000c9e6  __mspabi_srll_1         
0000c9ee  _auto_init              
0000ca9e  main                    
0000cb9a  __mspabi_srli           
0000cba8  __mspabi_srli_15        
0000cbac  __mspabi_srli_14        
0000cbb0  __mspabi_srli_13        
0000cbb4  __mspabi_srli_12        
0000cbb8  __mspabi_srli_11        
0000cbbc  __mspabi_srli_10        
0000cbc0  __mspabi_srli_9         
0000cbc4  __mspabi_srli_8         
0000cbc8  __mspabi_srli_7         
0000cbcc  __mspabi_srli_6         
0000cbd0  __mspabi_srli_5         
0000cbd4  __mspabi_srli_4         
0000cbd8  __mspabi_srli_3         
0000cbdc  __mspabi_srli_2         
0000cbe0  __mspabi_srli_1         
0000cbe6  close                   
0000cc78  HOSTclose               
0000ccba  HOSTunlink              
0000ccfa  __mspabi_slll_15        
0000ccfe  __mspabi_slll_14        
0000cd02  __mspabi_slll_13        
0000cd06  __mspabi_slll_12        
0000cd0a  __mspabi_slll_11        
0000cd0e  __mspabi_slll_10        
0000cd12  __mspabi_slll_9         
0000cd16  __mspabi_slll_8         
0000cd1a  __mspabi_slll_7         
0000cd1e  __mspabi_slll_6         
0000cd22  __mspabi_slll_5         
0000cd26  __mspabi_slll_4         
0000cd2a  __mspabi_slll_3         
0000cd2e  __mspabi_slll_2         
0000cd32  __mspabi_slll_1         
0000cd38  printf                  
0000cd74  minit                   
0000cdac  __TI_cleanup            
0000ce14  __TI_writemsg           
0000ce3e  C$$IO$$                 
0000ce70  __TI_readmsg            
0000ce9c  __mspabi_slli           
0000cea8  __mspabi_slli_15        
0000ceaa  __mspabi_slli_14        
0000ceac  __mspabi_slli_13        
0000ceae  __mspabi_slli_12        
0000ceb0  __mspabi_slli_11        
0000ceb2  __mspabi_slli_10        
0000ceb4  __mspabi_slli_9         
0000ceb6  __mspabi_slli_8         
0000ceb8  __mspabi_slli_7         
0000ceba  __mspabi_slli_6         
0000cebc  __mspabi_slli_5         
0000cebe  __mspabi_slli_4         
0000cec0  __mspabi_slli_3         
0000cec2  __mspabi_slli_2         
0000cec4  __mspabi_slli_1         
0000cec8  strncpy                 
0000cef4  exit                    
0000cf1e  remove                  
0000cf1e  unlink                  
0000cf46  lseek                   
0000cf6c  write                   
0000cf90  _c_int00_noargs         
0000cfac  memccpy                 
0000cfc6  strchr                  
0000cff8  strcmp                  
0000d010  __mspabi_divu           
0000d010  __mspabi_remu           
0000d026  __TI_zero_init          
0000d03a  memchr                  
0000d04e  memset                  
0000d062  __mspabi_mpyi           
0000d062  __mspabi_mpyi_sw        
0000d076  __TI_decompress_none    
0000d088  memcpy                  
0000d09a  __mspabi_func_epilog_7  
0000d09c  __mspabi_func_epilog_6  
0000d09e  __mspabi_func_epilog_5  
0000d0a0  __mspabi_func_epilog_4  
0000d0a2  __mspabi_func_epilog_3  
0000d0a4  __mspabi_func_epilog_2  
0000d0a6  __mspabi_func_epilog_1  
0000d0aa  strcpy                  
0000d0ba  strlen                  
0000d0c8  __TI_ISR_TRAP           
0000d0d4  __TI_decompress_rle24   
0000d0de  _system_pre_init        
0000d0e2  C$$EXIT                 
0000d0e2  abort                   
0000d0e6  _nop                    
0000d136  __TI_Handler_Table_Base 
0000d13c  __TI_Handler_Table_Limit
0000d144  __TI_CINIT_Base         
0000d150  __TI_CINIT_Limit        
0000ffe0  __TI_int00              
0000ffe4  __TI_int02              
0000ffe6  __TI_int03              
0000ffea  __TI_int05              
0000ffec  __TI_int06              
0000ffee  __TI_int07              
0000fff0  __TI_int08              
0000fff2  __TI_int09              
0000fff4  __TI_int10              
0000fff6  __TI_int11              
0000fff8  __TI_int12              
0000fffa  __TI_int13              
0000fffc  __TI_int14              
0000fffe  _reset_vector           
ffffffff  __binit__               
ffffffff  __c_args__              
ffffffff  binit                   
UNDEFED   __TI_INITARRAY_Base     
UNDEFED   __TI_INITARRAY_Limit    

[257 symbols]
